Archive member included to satisfy reference by file (symbol)

c:/program files (x86)/atmel/studio/7.0/toolchain/avr8/avr8-gnu-toolchain/bin/../lib/gcc/avr/5.4.0/../../../../avr/lib/avr51\libprintf_flt.a(vfprintf_flt.o)
                              (vfprintf)
c:/program files (x86)/atmel/studio/7.0/toolchain/avr8/avr8-gnu-toolchain/bin/../lib/gcc/avr/5.4.0/../../../../avr/lib/avr51\libscanf_flt.a(vfscanf_flt.o)
                              (vfscanf)
D:\program\microchip\project 2\project 2\libc4m.a(device.o)
                              main.o (C4M_DEVICE_set)
D:\program\microchip\project 2\project 2\libc4m.a(std_isr.o)
                              (USE_C4MLIB_STD_ISR)
D:\program\microchip\project 2\project 2\libc4m.a(hal_uart.o)
                              D:\program\microchip\project 2\project 2\libc4m.a(std_isr.o) (UART1_Inst)
D:\program\microchip\project 2\project 2\libc4m.a(hal_spi.o)
                              D:\program\microchip\project 2\project 2\libc4m.a(std_isr.o) (SPI_SlaveInst)
D:\program\microchip\project 2\project 2\libc4m.a(isr.o)
                              (USE_C4MLIB_INTERRUPT)
D:\program\microchip\project 2\project 2\libc4m.a(eeprom.o)
                              D:\program\microchip\project 2\project 2\libc4m.a(device.o) (EEPROM_get)
D:\program\microchip\project 2\project 2\libc4m.a(ext_imp.o)
                              D:\program\microchip\project 2\project 2\libc4m.a(std_isr.o) (ExtIntStrList_p)
D:\program\microchip\project 2\project 2\libc4m.a(pwm_imp.o)
                              D:\program\microchip\project 2\project 2\libc4m.a(std_isr.o) (PwmIntStrList_p)
D:\program\microchip\project 2\project 2\libc4m.a(twi_imp.o)
                              D:\program\microchip\project 2\project 2\libc4m.a(std_isr.o) (TwiIntStrList_p)
D:\program\microchip\project 2\project 2\libc4m.a(uart_imp.o)
                              D:\program\microchip\project 2\project 2\libc4m.a(std_isr.o) (UartRxIntStrList_p)
D:\program\microchip\project 2\project 2\libc4m.a(spi_imp.o)
                              D:\program\microchip\project 2\project 2\libc4m.a(std_isr.o) (SpiIntStrList_p)
D:\program\microchip\project 2\project 2\libc4m.a(tim_imp.o)
                              D:\program\microchip\project 2\project 2\libc4m.a(std_isr.o) (TimIntStrList_p)
D:\program\microchip\project 2\project 2\libc4m.a(adc_imp.o)
                              D:\program\microchip\project 2\project 2\libc4m.a(std_isr.o) (AdcIntStrList_p)
D:\program\microchip\project 2\project 2\libc4m.a(hardware_interrupt.o)
                              D:\program\microchip\project 2\project 2\libc4m.a(std_isr.o) (HWInt_step)
D:\program\microchip\project 2\project 2\libc4m.a(stdio.o)
                              D:\program\microchip\project 2\project 2\libc4m.a(device.o) (C4M_STDIO_init)
D:\program\microchip\project 2\project 2\libc4m.a(hal_time.o)
                              D:\program\microchip\project 2\project 2\libc4m.a(hal_uart.o) (HAL_get_expired_time_ms)
D:\program\microchip\project 2\project 2\libc4m.a(asabus.o)
                              D:\program\microchip\project 2\project 2\libc4m.a(hal_spi.o) (ASABUS_ID_set)
c:/program files (x86)/atmel/studio/7.0/toolchain/avr8/avr8-gnu-toolchain/bin/../lib/gcc/avr/5.4.0/../../../../avr/lib/avr51\libm.a(floatsisf.o)
                              c:/program files (x86)/atmel/studio/7.0/toolchain/avr8/avr8-gnu-toolchain/bin/../lib/gcc/avr/5.4.0/../../../../avr/lib/avr51\libscanf_flt.a(vfscanf_flt.o) (__floatunsisf)
c:/program files (x86)/atmel/studio/7.0/toolchain/avr8/avr8-gnu-toolchain/bin/../lib/gcc/avr/5.4.0/../../../../avr/lib/avr51\libm.a(mulsf3.o)
                              c:/program files (x86)/atmel/studio/7.0/toolchain/avr8/avr8-gnu-toolchain/bin/../lib/gcc/avr/5.4.0/../../../../avr/lib/avr51\libscanf_flt.a(vfscanf_flt.o) (__mulsf3)
c:/program files (x86)/atmel/studio/7.0/toolchain/avr8/avr8-gnu-toolchain/bin/../lib/gcc/avr/5.4.0/../../../../avr/lib/avr51\libm.a(mulsf3x.o)
                              c:/program files (x86)/atmel/studio/7.0/toolchain/avr8/avr8-gnu-toolchain/bin/../lib/gcc/avr/5.4.0/../../../../avr/lib/avr51\libm.a(mulsf3.o) (__mulsf3x)
c:/program files (x86)/atmel/studio/7.0/toolchain/avr8/avr8-gnu-toolchain/bin/../lib/gcc/avr/5.4.0/../../../../avr/lib/avr51\libm.a(fp_inf.o)
                              c:/program files (x86)/atmel/studio/7.0/toolchain/avr8/avr8-gnu-toolchain/bin/../lib/gcc/avr/5.4.0/../../../../avr/lib/avr51\libm.a(mulsf3x.o) (__fp_inf)
c:/program files (x86)/atmel/studio/7.0/toolchain/avr8/avr8-gnu-toolchain/bin/../lib/gcc/avr/5.4.0/../../../../avr/lib/avr51\libm.a(fp_nan.o)
                              c:/program files (x86)/atmel/studio/7.0/toolchain/avr8/avr8-gnu-toolchain/bin/../lib/gcc/avr/5.4.0/../../../../avr/lib/avr51\libm.a(mulsf3x.o) (__fp_nan)
c:/program files (x86)/atmel/studio/7.0/toolchain/avr8/avr8-gnu-toolchain/bin/../lib/gcc/avr/5.4.0/../../../../avr/lib/avr51\libm.a(fp_pscA.o)
                              c:/program files (x86)/atmel/studio/7.0/toolchain/avr8/avr8-gnu-toolchain/bin/../lib/gcc/avr/5.4.0/../../../../avr/lib/avr51\libm.a(mulsf3x.o) (__fp_pscA)
c:/program files (x86)/atmel/studio/7.0/toolchain/avr8/avr8-gnu-toolchain/bin/../lib/gcc/avr/5.4.0/../../../../avr/lib/avr51\libm.a(fp_pscB.o)
                              c:/program files (x86)/atmel/studio/7.0/toolchain/avr8/avr8-gnu-toolchain/bin/../lib/gcc/avr/5.4.0/../../../../avr/lib/avr51\libm.a(mulsf3x.o) (__fp_pscB)
c:/program files (x86)/atmel/studio/7.0/toolchain/avr8/avr8-gnu-toolchain/bin/../lib/gcc/avr/5.4.0/../../../../avr/lib/avr51\libm.a(fp_round.o)
                              c:/program files (x86)/atmel/studio/7.0/toolchain/avr8/avr8-gnu-toolchain/bin/../lib/gcc/avr/5.4.0/../../../../avr/lib/avr51\libm.a(mulsf3.o) (__fp_round)
c:/program files (x86)/atmel/studio/7.0/toolchain/avr8/avr8-gnu-toolchain/bin/../lib/gcc/avr/5.4.0/../../../../avr/lib/avr51\libm.a(fp_split3.o)
                              c:/program files (x86)/atmel/studio/7.0/toolchain/avr8/avr8-gnu-toolchain/bin/../lib/gcc/avr/5.4.0/../../../../avr/lib/avr51\libm.a(mulsf3x.o) (__fp_split3)
c:/program files (x86)/atmel/studio/7.0/toolchain/avr8/avr8-gnu-toolchain/bin/../lib/gcc/avr/5.4.0/../../../../avr/lib/avr51\libm.a(fp_zero.o)
                              c:/program files (x86)/atmel/studio/7.0/toolchain/avr8/avr8-gnu-toolchain/bin/../lib/gcc/avr/5.4.0/../../../../avr/lib/avr51\libm.a(mulsf3x.o) (__fp_szero)
c:/program files (x86)/atmel/studio/7.0/toolchain/avr8/avr8-gnu-toolchain/bin/../lib/gcc/avr/5.4.0/avr51\libgcc.a(_udivmodsi4.o)
                              D:\program\microchip\project 2\project 2\libc4m.a(hal_time.o) (__udivmodsi4)
c:/program files (x86)/atmel/studio/7.0/toolchain/avr8/avr8-gnu-toolchain/bin/../lib/gcc/avr/5.4.0/avr51\libgcc.a(_exit.o)
                              C:/Program Files (x86)/Atmel/Studio/7.0/Packs/atmel/ATmega_DFP/1.6.364/gcc/dev/atmega128/avr51/crtatmega128.o (exit)
c:/program files (x86)/atmel/studio/7.0/toolchain/avr8/avr8-gnu-toolchain/bin/../lib/gcc/avr/5.4.0/avr51\libgcc.a(_copy_data.o)
                              main.o (__do_copy_data)
c:/program files (x86)/atmel/studio/7.0/toolchain/avr8/avr8-gnu-toolchain/bin/../lib/gcc/avr/5.4.0/avr51\libgcc.a(_clear_bss.o)
                              main.o (__do_clear_bss)
c:/program files (x86)/atmel/studio/7.0/toolchain/avr8/avr8-gnu-toolchain/bin/../lib/gcc/avr/5.4.0/../../../../avr/lib/avr51\libc.a(ftoa_engine.o)
                              c:/program files (x86)/atmel/studio/7.0/toolchain/avr8/avr8-gnu-toolchain/bin/../lib/gcc/avr/5.4.0/../../../../avr/lib/avr51\libprintf_flt.a(vfprintf_flt.o) (__ftoa_engine)
c:/program files (x86)/atmel/studio/7.0/toolchain/avr8/avr8-gnu-toolchain/bin/../lib/gcc/avr/5.4.0/../../../../avr/lib/avr51\libc.a(isspace.o)
                              c:/program files (x86)/atmel/studio/7.0/toolchain/avr8/avr8-gnu-toolchain/bin/../lib/gcc/avr/5.4.0/../../../../avr/lib/avr51\libscanf_flt.a(vfscanf_flt.o) (isspace)
c:/program files (x86)/atmel/studio/7.0/toolchain/avr8/avr8-gnu-toolchain/bin/../lib/gcc/avr/5.4.0/../../../../avr/lib/avr51\libc.a(tolower.o)
                              c:/program files (x86)/atmel/studio/7.0/toolchain/avr8/avr8-gnu-toolchain/bin/../lib/gcc/avr/5.4.0/../../../../avr/lib/avr51\libscanf_flt.a(vfscanf_flt.o) (tolower)
c:/program files (x86)/atmel/studio/7.0/toolchain/avr8/avr8-gnu-toolchain/bin/../lib/gcc/avr/5.4.0/../../../../avr/lib/avr51\libc.a(strchr_P.o)
                              c:/program files (x86)/atmel/studio/7.0/toolchain/avr8/avr8-gnu-toolchain/bin/../lib/gcc/avr/5.4.0/../../../../avr/lib/avr51\libscanf_flt.a(vfscanf_flt.o) (strchr_P)
c:/program files (x86)/atmel/studio/7.0/toolchain/avr8/avr8-gnu-toolchain/bin/../lib/gcc/avr/5.4.0/../../../../avr/lib/avr51\libc.a(strnlen_P.o)
                              c:/program files (x86)/atmel/studio/7.0/toolchain/avr8/avr8-gnu-toolchain/bin/../lib/gcc/avr/5.4.0/../../../../avr/lib/avr51\libprintf_flt.a(vfprintf_flt.o) (strnlen_P)
c:/program files (x86)/atmel/studio/7.0/toolchain/avr8/avr8-gnu-toolchain/bin/../lib/gcc/avr/5.4.0/../../../../avr/lib/avr51\libc.a(strnlen.o)
                              c:/program files (x86)/atmel/studio/7.0/toolchain/avr8/avr8-gnu-toolchain/bin/../lib/gcc/avr/5.4.0/../../../../avr/lib/avr51\libprintf_flt.a(vfprintf_flt.o) (strnlen)
c:/program files (x86)/atmel/studio/7.0/toolchain/avr8/avr8-gnu-toolchain/bin/../lib/gcc/avr/5.4.0/../../../../avr/lib/avr51\libc.a(fgetc.o)
                              c:/program files (x86)/atmel/studio/7.0/toolchain/avr8/avr8-gnu-toolchain/bin/../lib/gcc/avr/5.4.0/../../../../avr/lib/avr51\libscanf_flt.a(vfscanf_flt.o) (fgetc)
c:/program files (x86)/atmel/studio/7.0/toolchain/avr8/avr8-gnu-toolchain/bin/../lib/gcc/avr/5.4.0/../../../../avr/lib/avr51\libc.a(fputc.o)
                              c:/program files (x86)/atmel/studio/7.0/toolchain/avr8/avr8-gnu-toolchain/bin/../lib/gcc/avr/5.4.0/../../../../avr/lib/avr51\libprintf_flt.a(vfprintf_flt.o) (fputc)
c:/program files (x86)/atmel/studio/7.0/toolchain/avr8/avr8-gnu-toolchain/bin/../lib/gcc/avr/5.4.0/../../../../avr/lib/avr51\libc.a(iob.o)
                              D:\program\microchip\project 2\project 2\libc4m.a(stdio.o) (__iob)
c:/program files (x86)/atmel/studio/7.0/toolchain/avr8/avr8-gnu-toolchain/bin/../lib/gcc/avr/5.4.0/../../../../avr/lib/avr51\libc.a(printf.o)
                              main.o (printf)
c:/program files (x86)/atmel/studio/7.0/toolchain/avr8/avr8-gnu-toolchain/bin/../lib/gcc/avr/5.4.0/../../../../avr/lib/avr51\libc.a(ungetc.o)
                              c:/program files (x86)/atmel/studio/7.0/toolchain/avr8/avr8-gnu-toolchain/bin/../lib/gcc/avr/5.4.0/../../../../avr/lib/avr51\libscanf_flt.a(vfscanf_flt.o) (ungetc)
c:/program files (x86)/atmel/studio/7.0/toolchain/avr8/avr8-gnu-toolchain/bin/../lib/gcc/avr/5.4.0/../../../../avr/lib/avr51\libc.a(ultoa_invert.o)
                              c:/program files (x86)/atmel/studio/7.0/toolchain/avr8/avr8-gnu-toolchain/bin/../lib/gcc/avr/5.4.0/../../../../avr/lib/avr51\libprintf_flt.a(vfprintf_flt.o) (__ultoa_invert)
c:/program files (x86)/atmel/studio/7.0/toolchain/avr8/avr8-gnu-toolchain/bin/../lib/gcc/avr/5.4.0/../../../../avr/lib/avr51\libc.a(cty_isfalse.o)
                              c:/program files (x86)/atmel/studio/7.0/toolchain/avr8/avr8-gnu-toolchain/bin/../lib/gcc/avr/5.4.0/../../../../avr/lib/avr51\libc.a(isspace.o) (__ctype_isfalse)
C:/Program Files (x86)/Atmel/Studio/7.0/Packs/atmel/ATmega_DFP/1.6.364/gcc/dev/atmega128/avr51\libatmega128.a(eerd_block.o)
                              D:\program\microchip\project 2\project 2\libc4m.a(eeprom.o) (eeprom_read_block)
C:/Program Files (x86)/Atmel/Studio/7.0/Packs/atmel/ATmega_DFP/1.6.364/gcc/dev/atmega128/avr51\libatmega128.a(eewr_block.o)
                              D:\program\microchip\project 2\project 2\libc4m.a(eeprom.o) (eeprom_write_block)
C:/Program Files (x86)/Atmel/Studio/7.0/Packs/atmel/ATmega_DFP/1.6.364/gcc/dev/atmega128/avr51\libatmega128.a(eewr_byte.o)
                              C:/Program Files (x86)/Atmel/Studio/7.0/Packs/atmel/ATmega_DFP/1.6.364/gcc/dev/atmega128/avr51\libatmega128.a(eewr_block.o) (eeprom_write_r18)

Allocating common symbols
Common symbol       size              file

ASAConfigStr_inst   0x1               D:\program\microchip\project 2\project 2\libc4m.a(device.o)
PwmIntStrList_p     0x8               D:\program\microchip\project 2\project 2\libc4m.a(pwm_imp.o)
TwiIntStrList_p     0x2               D:\program\microchip\project 2\project 2\libc4m.a(twi_imp.o)
SpiIntStrList_p     0x2               D:\program\microchip\project 2\project 2\libc4m.a(spi_imp.o)
ExtIntStrList_p     0x10              D:\program\microchip\project 2\project 2\libc4m.a(ext_imp.o)
UartRxIntStrList_p  0x4               D:\program\microchip\project 2\project 2\libc4m.a(uart_imp.o)
TimIntStrList_p     0x8               D:\program\microchip\project 2\project 2\libc4m.a(tim_imp.o)
AdcIntStrList_p     0x2               D:\program\microchip\project 2\project 2\libc4m.a(adc_imp.o)
TimerCntStr_inst    0xb5              main.o
HAL_time_global     0x4               D:\program\microchip\project 2\project 2\libc4m.a(hal_time.o)
UartTxIntStrList_p  0x4               D:\program\microchip\project 2\project 2\libc4m.a(uart_imp.o)
__iob               0x6               c:/program files (x86)/atmel/studio/7.0/toolchain/avr8/avr8-gnu-toolchain/bin/../lib/gcc/avr/5.4.0/../../../../avr/lib/avr51\libc.a(iob.o)

Discarded input sections

 .text          0x00000000        0x4 C:/Program Files (x86)/Atmel/Studio/7.0/Packs/atmel/ATmega_DFP/1.6.364/gcc/dev/atmega128/avr51/crtatmega128.o
 .data          0x00000000        0x0 C:/Program Files (x86)/Atmel/Studio/7.0/Packs/atmel/ATmega_DFP/1.6.364/gcc/dev/atmega128/avr51/crtatmega128.o
 .bss           0x00000000        0x0 C:/Program Files (x86)/Atmel/Studio/7.0/Packs/atmel/ATmega_DFP/1.6.364/gcc/dev/atmega128/avr51/crtatmega128.o
 .text          0x00000000        0x0 main.o
 .data          0x00000000        0x0 main.o
 .bss           0x00000000        0x0 main.o
 COMMON         0x00000000       0xb5 main.o
 .text          0x00000000        0x0 c:/program files (x86)/atmel/studio/7.0/toolchain/avr8/avr8-gnu-toolchain/bin/../lib/gcc/avr/5.4.0/../../../../avr/lib/avr51\libprintf_flt.a(vfprintf_flt.o)
 .data          0x00000000        0x0 c:/program files (x86)/atmel/studio/7.0/toolchain/avr8/avr8-gnu-toolchain/bin/../lib/gcc/avr/5.4.0/../../../../avr/lib/avr51\libprintf_flt.a(vfprintf_flt.o)
 .bss           0x00000000        0x0 c:/program files (x86)/atmel/studio/7.0/toolchain/avr8/avr8-gnu-toolchain/bin/../lib/gcc/avr/5.4.0/../../../../avr/lib/avr51\libprintf_flt.a(vfprintf_flt.o)
 .text          0x00000000        0x0 c:/program files (x86)/atmel/studio/7.0/toolchain/avr8/avr8-gnu-toolchain/bin/../lib/gcc/avr/5.4.0/../../../../avr/lib/avr51\libscanf_flt.a(vfscanf_flt.o)
 .data          0x00000000        0x0 c:/program files (x86)/atmel/studio/7.0/toolchain/avr8/avr8-gnu-toolchain/bin/../lib/gcc/avr/5.4.0/../../../../avr/lib/avr51\libscanf_flt.a(vfscanf_flt.o)
 .bss           0x00000000        0x0 c:/program files (x86)/atmel/studio/7.0/toolchain/avr8/avr8-gnu-toolchain/bin/../lib/gcc/avr/5.4.0/../../../../avr/lib/avr51\libscanf_flt.a(vfscanf_flt.o)
 .data          0x00000000        0x0 D:\program\microchip\project 2\project 2\libc4m.a(device.o)
 .bss           0x00000000        0x0 D:\program\microchip\project 2\project 2\libc4m.a(device.o)
 .data          0x00000000        0x0 D:\program\microchip\project 2\project 2\libc4m.a(std_isr.o)
 .bss           0x00000000        0x0 D:\program\microchip\project 2\project 2\libc4m.a(std_isr.o)
 .bss           0x00000000        0x0 D:\program\microchip\project 2\project 2\libc4m.a(hal_spi.o)
 .data          0x00000000        0x0 D:\program\microchip\project 2\project 2\libc4m.a(isr.o)
 .bss           0x00000000        0x0 D:\program\microchip\project 2\project 2\libc4m.a(isr.o)
 .data          0x00000000        0x0 D:\program\microchip\project 2\project 2\libc4m.a(eeprom.o)
 .bss           0x00000000        0x0 D:\program\microchip\project 2\project 2\libc4m.a(eeprom.o)
 .text          0x00000000        0x0 D:\program\microchip\project 2\project 2\libc4m.a(ext_imp.o)
 .data          0x00000000        0x0 D:\program\microchip\project 2\project 2\libc4m.a(ext_imp.o)
 .bss           0x00000000        0x0 D:\program\microchip\project 2\project 2\libc4m.a(ext_imp.o)
 .text          0x00000000        0x0 D:\program\microchip\project 2\project 2\libc4m.a(pwm_imp.o)
 .data          0x00000000        0x0 D:\program\microchip\project 2\project 2\libc4m.a(pwm_imp.o)
 .bss           0x00000000        0x0 D:\program\microchip\project 2\project 2\libc4m.a(pwm_imp.o)
 .text          0x00000000        0x0 D:\program\microchip\project 2\project 2\libc4m.a(twi_imp.o)
 .data          0x00000000        0x0 D:\program\microchip\project 2\project 2\libc4m.a(twi_imp.o)
 .bss           0x00000000        0x0 D:\program\microchip\project 2\project 2\libc4m.a(twi_imp.o)
 .text          0x00000000        0x0 D:\program\microchip\project 2\project 2\libc4m.a(uart_imp.o)
 .data          0x00000000        0x0 D:\program\microchip\project 2\project 2\libc4m.a(uart_imp.o)
 .bss           0x00000000        0x0 D:\program\microchip\project 2\project 2\libc4m.a(uart_imp.o)
 .text          0x00000000        0x0 D:\program\microchip\project 2\project 2\libc4m.a(spi_imp.o)
 .data          0x00000000        0x0 D:\program\microchip\project 2\project 2\libc4m.a(spi_imp.o)
 .bss           0x00000000        0x0 D:\program\microchip\project 2\project 2\libc4m.a(spi_imp.o)
 .text          0x00000000        0x0 D:\program\microchip\project 2\project 2\libc4m.a(tim_imp.o)
 .data          0x00000000        0x0 D:\program\microchip\project 2\project 2\libc4m.a(tim_imp.o)
 .bss           0x00000000        0x0 D:\program\microchip\project 2\project 2\libc4m.a(tim_imp.o)
 .text          0x00000000        0x0 D:\program\microchip\project 2\project 2\libc4m.a(adc_imp.o)
 .data          0x00000000        0x0 D:\program\microchip\project 2\project 2\libc4m.a(adc_imp.o)
 .bss           0x00000000        0x0 D:\program\microchip\project 2\project 2\libc4m.a(adc_imp.o)
 .data          0x00000000        0x0 D:\program\microchip\project 2\project 2\libc4m.a(hardware_interrupt.o)
 .bss           0x00000000        0x0 D:\program\microchip\project 2\project 2\libc4m.a(hardware_interrupt.o)
 .bss           0x00000000        0x0 D:\program\microchip\project 2\project 2\libc4m.a(stdio.o)
 .data          0x00000000        0x0 D:\program\microchip\project 2\project 2\libc4m.a(hal_time.o)
 .bss           0x00000000        0x0 D:\program\microchip\project 2\project 2\libc4m.a(hal_time.o)
 .data          0x00000000        0x0 D:\program\microchip\project 2\project 2\libc4m.a(asabus.o)
 .bss           0x00000000        0x0 D:\program\microchip\project 2\project 2\libc4m.a(asabus.o)
 .text          0x00000000        0x0 c:/program files (x86)/atmel/studio/7.0/toolchain/avr8/avr8-gnu-toolchain/bin/../lib/gcc/avr/5.4.0/../../../../avr/lib/avr51\libm.a(floatsisf.o)
 .data          0x00000000        0x0 c:/program files (x86)/atmel/studio/7.0/toolchain/avr8/avr8-gnu-toolchain/bin/../lib/gcc/avr/5.4.0/../../../../avr/lib/avr51\libm.a(floatsisf.o)
 .bss           0x00000000        0x0 c:/program files (x86)/atmel/studio/7.0/toolchain/avr8/avr8-gnu-toolchain/bin/../lib/gcc/avr/5.4.0/../../../../avr/lib/avr51\libm.a(floatsisf.o)
 .text          0x00000000        0x0 c:/program files (x86)/atmel/studio/7.0/toolchain/avr8/avr8-gnu-toolchain/bin/../lib/gcc/avr/5.4.0/../../../../avr/lib/avr51\libm.a(mulsf3.o)
 .data          0x00000000        0x0 c:/program files (x86)/atmel/studio/7.0/toolchain/avr8/avr8-gnu-toolchain/bin/../lib/gcc/avr/5.4.0/../../../../avr/lib/avr51\libm.a(mulsf3.o)
 .bss           0x00000000        0x0 c:/program files (x86)/atmel/studio/7.0/toolchain/avr8/avr8-gnu-toolchain/bin/../lib/gcc/avr/5.4.0/../../../../avr/lib/avr51\libm.a(mulsf3.o)
 .text          0x00000000        0x0 c:/program files (x86)/atmel/studio/7.0/toolchain/avr8/avr8-gnu-toolchain/bin/../lib/gcc/avr/5.4.0/../../../../avr/lib/avr51\libm.a(mulsf3x.o)
 .data          0x00000000        0x0 c:/program files (x86)/atmel/studio/7.0/toolchain/avr8/avr8-gnu-toolchain/bin/../lib/gcc/avr/5.4.0/../../../../avr/lib/avr51\libm.a(mulsf3x.o)
 .bss           0x00000000        0x0 c:/program files (x86)/atmel/studio/7.0/toolchain/avr8/avr8-gnu-toolchain/bin/../lib/gcc/avr/5.4.0/../../../../avr/lib/avr51\libm.a(mulsf3x.o)
 .text          0x00000000        0x0 c:/program files (x86)/atmel/studio/7.0/toolchain/avr8/avr8-gnu-toolchain/bin/../lib/gcc/avr/5.4.0/../../../../avr/lib/avr51\libm.a(fp_inf.o)
 .data          0x00000000        0x0 c:/program files (x86)/atmel/studio/7.0/toolchain/avr8/avr8-gnu-toolchain/bin/../lib/gcc/avr/5.4.0/../../../../avr/lib/avr51\libm.a(fp_inf.o)
 .bss           0x00000000        0x0 c:/program files (x86)/atmel/studio/7.0/toolchain/avr8/avr8-gnu-toolchain/bin/../lib/gcc/avr/5.4.0/../../../../avr/lib/avr51\libm.a(fp_inf.o)
 .text          0x00000000        0x0 c:/program files (x86)/atmel/studio/7.0/toolchain/avr8/avr8-gnu-toolchain/bin/../lib/gcc/avr/5.4.0/../../../../avr/lib/avr51\libm.a(fp_nan.o)
 .data          0x00000000        0x0 c:/program files (x86)/atmel/studio/7.0/toolchain/avr8/avr8-gnu-toolchain/bin/../lib/gcc/avr/5.4.0/../../../../avr/lib/avr51\libm.a(fp_nan.o)
 .bss           0x00000000        0x0 c:/program files (x86)/atmel/studio/7.0/toolchain/avr8/avr8-gnu-toolchain/bin/../lib/gcc/avr/5.4.0/../../../../avr/lib/avr51\libm.a(fp_nan.o)
 .text          0x00000000        0x0 c:/program files (x86)/atmel/studio/7.0/toolchain/avr8/avr8-gnu-toolchain/bin/../lib/gcc/avr/5.4.0/../../../../avr/lib/avr51\libm.a(fp_pscA.o)
 .data          0x00000000        0x0 c:/program files (x86)/atmel/studio/7.0/toolchain/avr8/avr8-gnu-toolchain/bin/../lib/gcc/avr/5.4.0/../../../../avr/lib/avr51\libm.a(fp_pscA.o)
 .bss           0x00000000        0x0 c:/program files (x86)/atmel/studio/7.0/toolchain/avr8/avr8-gnu-toolchain/bin/../lib/gcc/avr/5.4.0/../../../../avr/lib/avr51\libm.a(fp_pscA.o)
 .text          0x00000000        0x0 c:/program files (x86)/atmel/studio/7.0/toolchain/avr8/avr8-gnu-toolchain/bin/../lib/gcc/avr/5.4.0/../../../../avr/lib/avr51\libm.a(fp_pscB.o)
 .data          0x00000000        0x0 c:/program files (x86)/atmel/studio/7.0/toolchain/avr8/avr8-gnu-toolchain/bin/../lib/gcc/avr/5.4.0/../../../../avr/lib/avr51\libm.a(fp_pscB.o)
 .bss           0x00000000        0x0 c:/program files (x86)/atmel/studio/7.0/toolchain/avr8/avr8-gnu-toolchain/bin/../lib/gcc/avr/5.4.0/../../../../avr/lib/avr51\libm.a(fp_pscB.o)
 .text          0x00000000        0x0 c:/program files (x86)/atmel/studio/7.0/toolchain/avr8/avr8-gnu-toolchain/bin/../lib/gcc/avr/5.4.0/../../../../avr/lib/avr51\libm.a(fp_round.o)
 .data          0x00000000        0x0 c:/program files (x86)/atmel/studio/7.0/toolchain/avr8/avr8-gnu-toolchain/bin/../lib/gcc/avr/5.4.0/../../../../avr/lib/avr51\libm.a(fp_round.o)
 .bss           0x00000000        0x0 c:/program files (x86)/atmel/studio/7.0/toolchain/avr8/avr8-gnu-toolchain/bin/../lib/gcc/avr/5.4.0/../../../../avr/lib/avr51\libm.a(fp_round.o)
 .text          0x00000000        0x0 c:/program files (x86)/atmel/studio/7.0/toolchain/avr8/avr8-gnu-toolchain/bin/../lib/gcc/avr/5.4.0/../../../../avr/lib/avr51\libm.a(fp_split3.o)
 .data          0x00000000        0x0 c:/program files (x86)/atmel/studio/7.0/toolchain/avr8/avr8-gnu-toolchain/bin/../lib/gcc/avr/5.4.0/../../../../avr/lib/avr51\libm.a(fp_split3.o)
 .bss           0x00000000        0x0 c:/program files (x86)/atmel/studio/7.0/toolchain/avr8/avr8-gnu-toolchain/bin/../lib/gcc/avr/5.4.0/../../../../avr/lib/avr51\libm.a(fp_split3.o)
 .text          0x00000000        0x0 c:/program files (x86)/atmel/studio/7.0/toolchain/avr8/avr8-gnu-toolchain/bin/../lib/gcc/avr/5.4.0/../../../../avr/lib/avr51\libm.a(fp_zero.o)
 .data          0x00000000        0x0 c:/program files (x86)/atmel/studio/7.0/toolchain/avr8/avr8-gnu-toolchain/bin/../lib/gcc/avr/5.4.0/../../../../avr/lib/avr51\libm.a(fp_zero.o)
 .bss           0x00000000        0x0 c:/program files (x86)/atmel/studio/7.0/toolchain/avr8/avr8-gnu-toolchain/bin/../lib/gcc/avr/5.4.0/../../../../avr/lib/avr51\libm.a(fp_zero.o)
 .text          0x00000000        0x0 c:/program files (x86)/atmel/studio/7.0/toolchain/avr8/avr8-gnu-toolchain/bin/../lib/gcc/avr/5.4.0/avr51\libgcc.a(_udivmodsi4.o)
 .data          0x00000000        0x0 c:/program files (x86)/atmel/studio/7.0/toolchain/avr8/avr8-gnu-toolchain/bin/../lib/gcc/avr/5.4.0/avr51\libgcc.a(_udivmodsi4.o)
 .bss           0x00000000        0x0 c:/program files (x86)/atmel/studio/7.0/toolchain/avr8/avr8-gnu-toolchain/bin/../lib/gcc/avr/5.4.0/avr51\libgcc.a(_udivmodsi4.o)
 .text.libgcc.mul
                0x00000000        0x0 c:/program files (x86)/atmel/studio/7.0/toolchain/avr8/avr8-gnu-toolchain/bin/../lib/gcc/avr/5.4.0/avr51\libgcc.a(_udivmodsi4.o)
 .text.libgcc   0x00000000        0x0 c:/program files (x86)/atmel/studio/7.0/toolchain/avr8/avr8-gnu-toolchain/bin/../lib/gcc/avr/5.4.0/avr51\libgcc.a(_udivmodsi4.o)
 .text.libgcc.prologue
                0x00000000        0x0 c:/program files (x86)/atmel/studio/7.0/toolchain/avr8/avr8-gnu-toolchain/bin/../lib/gcc/avr/5.4.0/avr51\libgcc.a(_udivmodsi4.o)
 .text.libgcc.builtins
                0x00000000        0x0 c:/program files (x86)/atmel/studio/7.0/toolchain/avr8/avr8-gnu-toolchain/bin/../lib/gcc/avr/5.4.0/avr51\libgcc.a(_udivmodsi4.o)
 .text.libgcc.fmul
                0x00000000        0x0 c:/program files (x86)/atmel/studio/7.0/toolchain/avr8/avr8-gnu-toolchain/bin/../lib/gcc/avr/5.4.0/avr51\libgcc.a(_udivmodsi4.o)
 .text.libgcc.fixed
                0x00000000        0x0 c:/program files (x86)/atmel/studio/7.0/toolchain/avr8/avr8-gnu-toolchain/bin/../lib/gcc/avr/5.4.0/avr51\libgcc.a(_udivmodsi4.o)
 .text          0x00000000        0x0 c:/program files (x86)/atmel/studio/7.0/toolchain/avr8/avr8-gnu-toolchain/bin/../lib/gcc/avr/5.4.0/avr51\libgcc.a(_exit.o)
 .data          0x00000000        0x0 c:/program files (x86)/atmel/studio/7.0/toolchain/avr8/avr8-gnu-toolchain/bin/../lib/gcc/avr/5.4.0/avr51\libgcc.a(_exit.o)
 .bss           0x00000000        0x0 c:/program files (x86)/atmel/studio/7.0/toolchain/avr8/avr8-gnu-toolchain/bin/../lib/gcc/avr/5.4.0/avr51\libgcc.a(_exit.o)
 .text.libgcc.mul
                0x00000000        0x0 c:/program files (x86)/atmel/studio/7.0/toolchain/avr8/avr8-gnu-toolchain/bin/../lib/gcc/avr/5.4.0/avr51\libgcc.a(_exit.o)
 .text.libgcc.div
                0x00000000        0x0 c:/program files (x86)/atmel/studio/7.0/toolchain/avr8/avr8-gnu-toolchain/bin/../lib/gcc/avr/5.4.0/avr51\libgcc.a(_exit.o)
 .text.libgcc   0x00000000        0x0 c:/program files (x86)/atmel/studio/7.0/toolchain/avr8/avr8-gnu-toolchain/bin/../lib/gcc/avr/5.4.0/avr51\libgcc.a(_exit.o)
 .text.libgcc.prologue
                0x00000000        0x0 c:/program files (x86)/atmel/studio/7.0/toolchain/avr8/avr8-gnu-toolchain/bin/../lib/gcc/avr/5.4.0/avr51\libgcc.a(_exit.o)
 .text.libgcc.builtins
                0x00000000        0x0 c:/program files (x86)/atmel/studio/7.0/toolchain/avr8/avr8-gnu-toolchain/bin/../lib/gcc/avr/5.4.0/avr51\libgcc.a(_exit.o)
 .text.libgcc.fmul
                0x00000000        0x0 c:/program files (x86)/atmel/studio/7.0/toolchain/avr8/avr8-gnu-toolchain/bin/../lib/gcc/avr/5.4.0/avr51\libgcc.a(_exit.o)
 .text.libgcc.fixed
                0x00000000        0x0 c:/program files (x86)/atmel/studio/7.0/toolchain/avr8/avr8-gnu-toolchain/bin/../lib/gcc/avr/5.4.0/avr51\libgcc.a(_exit.o)
 .text          0x00000000        0x0 c:/program files (x86)/atmel/studio/7.0/toolchain/avr8/avr8-gnu-toolchain/bin/../lib/gcc/avr/5.4.0/avr51\libgcc.a(_copy_data.o)
 .data          0x00000000        0x0 c:/program files (x86)/atmel/studio/7.0/toolchain/avr8/avr8-gnu-toolchain/bin/../lib/gcc/avr/5.4.0/avr51\libgcc.a(_copy_data.o)
 .bss           0x00000000        0x0 c:/program files (x86)/atmel/studio/7.0/toolchain/avr8/avr8-gnu-toolchain/bin/../lib/gcc/avr/5.4.0/avr51\libgcc.a(_copy_data.o)
 .text.libgcc.mul
                0x00000000        0x0 c:/program files (x86)/atmel/studio/7.0/toolchain/avr8/avr8-gnu-toolchain/bin/../lib/gcc/avr/5.4.0/avr51\libgcc.a(_copy_data.o)
 .text.libgcc.div
                0x00000000        0x0 c:/program files (x86)/atmel/studio/7.0/toolchain/avr8/avr8-gnu-toolchain/bin/../lib/gcc/avr/5.4.0/avr51\libgcc.a(_copy_data.o)
 .text.libgcc   0x00000000        0x0 c:/program files (x86)/atmel/studio/7.0/toolchain/avr8/avr8-gnu-toolchain/bin/../lib/gcc/avr/5.4.0/avr51\libgcc.a(_copy_data.o)
 .text.libgcc.prologue
                0x00000000        0x0 c:/program files (x86)/atmel/studio/7.0/toolchain/avr8/avr8-gnu-toolchain/bin/../lib/gcc/avr/5.4.0/avr51\libgcc.a(_copy_data.o)
 .text.libgcc.builtins
                0x00000000        0x0 c:/program files (x86)/atmel/studio/7.0/toolchain/avr8/avr8-gnu-toolchain/bin/../lib/gcc/avr/5.4.0/avr51\libgcc.a(_copy_data.o)
 .text.libgcc.fmul
                0x00000000        0x0 c:/program files (x86)/atmel/studio/7.0/toolchain/avr8/avr8-gnu-toolchain/bin/../lib/gcc/avr/5.4.0/avr51\libgcc.a(_copy_data.o)
 .text.libgcc.fixed
                0x00000000        0x0 c:/program files (x86)/atmel/studio/7.0/toolchain/avr8/avr8-gnu-toolchain/bin/../lib/gcc/avr/5.4.0/avr51\libgcc.a(_copy_data.o)
 .text          0x00000000        0x0 c:/program files (x86)/atmel/studio/7.0/toolchain/avr8/avr8-gnu-toolchain/bin/../lib/gcc/avr/5.4.0/avr51\libgcc.a(_clear_bss.o)
 .data          0x00000000        0x0 c:/program files (x86)/atmel/studio/7.0/toolchain/avr8/avr8-gnu-toolchain/bin/../lib/gcc/avr/5.4.0/avr51\libgcc.a(_clear_bss.o)
 .bss           0x00000000        0x0 c:/program files (x86)/atmel/studio/7.0/toolchain/avr8/avr8-gnu-toolchain/bin/../lib/gcc/avr/5.4.0/avr51\libgcc.a(_clear_bss.o)
 .text.libgcc.mul
                0x00000000        0x0 c:/program files (x86)/atmel/studio/7.0/toolchain/avr8/avr8-gnu-toolchain/bin/../lib/gcc/avr/5.4.0/avr51\libgcc.a(_clear_bss.o)
 .text.libgcc.div
                0x00000000        0x0 c:/program files (x86)/atmel/studio/7.0/toolchain/avr8/avr8-gnu-toolchain/bin/../lib/gcc/avr/5.4.0/avr51\libgcc.a(_clear_bss.o)
 .text.libgcc   0x00000000        0x0 c:/program files (x86)/atmel/studio/7.0/toolchain/avr8/avr8-gnu-toolchain/bin/../lib/gcc/avr/5.4.0/avr51\libgcc.a(_clear_bss.o)
 .text.libgcc.prologue
                0x00000000        0x0 c:/program files (x86)/atmel/studio/7.0/toolchain/avr8/avr8-gnu-toolchain/bin/../lib/gcc/avr/5.4.0/avr51\libgcc.a(_clear_bss.o)
 .text.libgcc.builtins
                0x00000000        0x0 c:/program files (x86)/atmel/studio/7.0/toolchain/avr8/avr8-gnu-toolchain/bin/../lib/gcc/avr/5.4.0/avr51\libgcc.a(_clear_bss.o)
 .text.libgcc.fmul
                0x00000000        0x0 c:/program files (x86)/atmel/studio/7.0/toolchain/avr8/avr8-gnu-toolchain/bin/../lib/gcc/avr/5.4.0/avr51\libgcc.a(_clear_bss.o)
 .text.libgcc.fixed
                0x00000000        0x0 c:/program files (x86)/atmel/studio/7.0/toolchain/avr8/avr8-gnu-toolchain/bin/../lib/gcc/avr/5.4.0/avr51\libgcc.a(_clear_bss.o)
 .text          0x00000000        0x0 c:/program files (x86)/atmel/studio/7.0/toolchain/avr8/avr8-gnu-toolchain/bin/../lib/gcc/avr/5.4.0/../../../../avr/lib/avr51\libc.a(ftoa_engine.o)
 .data          0x00000000        0x0 c:/program files (x86)/atmel/studio/7.0/toolchain/avr8/avr8-gnu-toolchain/bin/../lib/gcc/avr/5.4.0/../../../../avr/lib/avr51\libc.a(ftoa_engine.o)
 .bss           0x00000000        0x0 c:/program files (x86)/atmel/studio/7.0/toolchain/avr8/avr8-gnu-toolchain/bin/../lib/gcc/avr/5.4.0/../../../../avr/lib/avr51\libc.a(ftoa_engine.o)
 .text          0x00000000        0x0 c:/program files (x86)/atmel/studio/7.0/toolchain/avr8/avr8-gnu-toolchain/bin/../lib/gcc/avr/5.4.0/../../../../avr/lib/avr51\libc.a(isspace.o)
 .data          0x00000000        0x0 c:/program files (x86)/atmel/studio/7.0/toolchain/avr8/avr8-gnu-toolchain/bin/../lib/gcc/avr/5.4.0/../../../../avr/lib/avr51\libc.a(isspace.o)
 .bss           0x00000000        0x0 c:/program files (x86)/atmel/studio/7.0/toolchain/avr8/avr8-gnu-toolchain/bin/../lib/gcc/avr/5.4.0/../../../../avr/lib/avr51\libc.a(isspace.o)
 .text          0x00000000        0x0 c:/program files (x86)/atmel/studio/7.0/toolchain/avr8/avr8-gnu-toolchain/bin/../lib/gcc/avr/5.4.0/../../../../avr/lib/avr51\libc.a(tolower.o)
 .data          0x00000000        0x0 c:/program files (x86)/atmel/studio/7.0/toolchain/avr8/avr8-gnu-toolchain/bin/../lib/gcc/avr/5.4.0/../../../../avr/lib/avr51\libc.a(tolower.o)
 .bss           0x00000000        0x0 c:/program files (x86)/atmel/studio/7.0/toolchain/avr8/avr8-gnu-toolchain/bin/../lib/gcc/avr/5.4.0/../../../../avr/lib/avr51\libc.a(tolower.o)
 .text          0x00000000        0x0 c:/program files (x86)/atmel/studio/7.0/toolchain/avr8/avr8-gnu-toolchain/bin/../lib/gcc/avr/5.4.0/../../../../avr/lib/avr51\libc.a(strchr_P.o)
 .data          0x00000000        0x0 c:/program files (x86)/atmel/studio/7.0/toolchain/avr8/avr8-gnu-toolchain/bin/../lib/gcc/avr/5.4.0/../../../../avr/lib/avr51\libc.a(strchr_P.o)
 .bss           0x00000000        0x0 c:/program files (x86)/atmel/studio/7.0/toolchain/avr8/avr8-gnu-toolchain/bin/../lib/gcc/avr/5.4.0/../../../../avr/lib/avr51\libc.a(strchr_P.o)
 .text          0x00000000        0x0 c:/program files (x86)/atmel/studio/7.0/toolchain/avr8/avr8-gnu-toolchain/bin/../lib/gcc/avr/5.4.0/../../../../avr/lib/avr51\libc.a(strnlen_P.o)
 .data          0x00000000        0x0 c:/program files (x86)/atmel/studio/7.0/toolchain/avr8/avr8-gnu-toolchain/bin/../lib/gcc/avr/5.4.0/../../../../avr/lib/avr51\libc.a(strnlen_P.o)
 .bss           0x00000000        0x0 c:/program files (x86)/atmel/studio/7.0/toolchain/avr8/avr8-gnu-toolchain/bin/../lib/gcc/avr/5.4.0/../../../../avr/lib/avr51\libc.a(strnlen_P.o)
 .text          0x00000000        0x0 c:/program files (x86)/atmel/studio/7.0/toolchain/avr8/avr8-gnu-toolchain/bin/../lib/gcc/avr/5.4.0/../../../../avr/lib/avr51\libc.a(strnlen.o)
 .data          0x00000000        0x0 c:/program files (x86)/atmel/studio/7.0/toolchain/avr8/avr8-gnu-toolchain/bin/../lib/gcc/avr/5.4.0/../../../../avr/lib/avr51\libc.a(strnlen.o)
 .bss           0x00000000        0x0 c:/program files (x86)/atmel/studio/7.0/toolchain/avr8/avr8-gnu-toolchain/bin/../lib/gcc/avr/5.4.0/../../../../avr/lib/avr51\libc.a(strnlen.o)
 .text          0x00000000        0x0 c:/program files (x86)/atmel/studio/7.0/toolchain/avr8/avr8-gnu-toolchain/bin/../lib/gcc/avr/5.4.0/../../../../avr/lib/avr51\libc.a(fgetc.o)
 .data          0x00000000        0x0 c:/program files (x86)/atmel/studio/7.0/toolchain/avr8/avr8-gnu-toolchain/bin/../lib/gcc/avr/5.4.0/../../../../avr/lib/avr51\libc.a(fgetc.o)
 .bss           0x00000000        0x0 c:/program files (x86)/atmel/studio/7.0/toolchain/avr8/avr8-gnu-toolchain/bin/../lib/gcc/avr/5.4.0/../../../../avr/lib/avr51\libc.a(fgetc.o)
 .text          0x00000000        0x0 c:/program files (x86)/atmel/studio/7.0/toolchain/avr8/avr8-gnu-toolchain/bin/../lib/gcc/avr/5.4.0/../../../../avr/lib/avr51\libc.a(fputc.o)
 .data          0x00000000        0x0 c:/program files (x86)/atmel/studio/7.0/toolchain/avr8/avr8-gnu-toolchain/bin/../lib/gcc/avr/5.4.0/../../../../avr/lib/avr51\libc.a(fputc.o)
 .bss           0x00000000        0x0 c:/program files (x86)/atmel/studio/7.0/toolchain/avr8/avr8-gnu-toolchain/bin/../lib/gcc/avr/5.4.0/../../../../avr/lib/avr51\libc.a(fputc.o)
 .text          0x00000000        0x0 c:/program files (x86)/atmel/studio/7.0/toolchain/avr8/avr8-gnu-toolchain/bin/../lib/gcc/avr/5.4.0/../../../../avr/lib/avr51\libc.a(iob.o)
 .data          0x00000000        0x0 c:/program files (x86)/atmel/studio/7.0/toolchain/avr8/avr8-gnu-toolchain/bin/../lib/gcc/avr/5.4.0/../../../../avr/lib/avr51\libc.a(iob.o)
 .bss           0x00000000        0x0 c:/program files (x86)/atmel/studio/7.0/toolchain/avr8/avr8-gnu-toolchain/bin/../lib/gcc/avr/5.4.0/../../../../avr/lib/avr51\libc.a(iob.o)
 .text          0x00000000        0x0 c:/program files (x86)/atmel/studio/7.0/toolchain/avr8/avr8-gnu-toolchain/bin/../lib/gcc/avr/5.4.0/../../../../avr/lib/avr51\libc.a(printf.o)
 .data          0x00000000        0x0 c:/program files (x86)/atmel/studio/7.0/toolchain/avr8/avr8-gnu-toolchain/bin/../lib/gcc/avr/5.4.0/../../../../avr/lib/avr51\libc.a(printf.o)
 .bss           0x00000000        0x0 c:/program files (x86)/atmel/studio/7.0/toolchain/avr8/avr8-gnu-toolchain/bin/../lib/gcc/avr/5.4.0/../../../../avr/lib/avr51\libc.a(printf.o)
 .text          0x00000000        0x0 c:/program files (x86)/atmel/studio/7.0/toolchain/avr8/avr8-gnu-toolchain/bin/../lib/gcc/avr/5.4.0/../../../../avr/lib/avr51\libc.a(ungetc.o)
 .data          0x00000000        0x0 c:/program files (x86)/atmel/studio/7.0/toolchain/avr8/avr8-gnu-toolchain/bin/../lib/gcc/avr/5.4.0/../../../../avr/lib/avr51\libc.a(ungetc.o)
 .bss           0x00000000        0x0 c:/program files (x86)/atmel/studio/7.0/toolchain/avr8/avr8-gnu-toolchain/bin/../lib/gcc/avr/5.4.0/../../../../avr/lib/avr51\libc.a(ungetc.o)
 .text          0x00000000        0x0 c:/program files (x86)/atmel/studio/7.0/toolchain/avr8/avr8-gnu-toolchain/bin/../lib/gcc/avr/5.4.0/../../../../avr/lib/avr51\libc.a(ultoa_invert.o)
 .data          0x00000000        0x0 c:/program files (x86)/atmel/studio/7.0/toolchain/avr8/avr8-gnu-toolchain/bin/../lib/gcc/avr/5.4.0/../../../../avr/lib/avr51\libc.a(ultoa_invert.o)
 .bss           0x00000000        0x0 c:/program files (x86)/atmel/studio/7.0/toolchain/avr8/avr8-gnu-toolchain/bin/../lib/gcc/avr/5.4.0/../../../../avr/lib/avr51\libc.a(ultoa_invert.o)
 .text          0x00000000        0x0 c:/program files (x86)/atmel/studio/7.0/toolchain/avr8/avr8-gnu-toolchain/bin/../lib/gcc/avr/5.4.0/../../../../avr/lib/avr51\libc.a(cty_isfalse.o)
 .data          0x00000000        0x0 c:/program files (x86)/atmel/studio/7.0/toolchain/avr8/avr8-gnu-toolchain/bin/../lib/gcc/avr/5.4.0/../../../../avr/lib/avr51\libc.a(cty_isfalse.o)
 .bss           0x00000000        0x0 c:/program files (x86)/atmel/studio/7.0/toolchain/avr8/avr8-gnu-toolchain/bin/../lib/gcc/avr/5.4.0/../../../../avr/lib/avr51\libc.a(cty_isfalse.o)
 .text          0x00000000        0x0 C:/Program Files (x86)/Atmel/Studio/7.0/Packs/atmel/ATmega_DFP/1.6.364/gcc/dev/atmega128/avr51\libatmega128.a(eerd_block.o)
 .data          0x00000000        0x0 C:/Program Files (x86)/Atmel/Studio/7.0/Packs/atmel/ATmega_DFP/1.6.364/gcc/dev/atmega128/avr51\libatmega128.a(eerd_block.o)
 .bss           0x00000000        0x0 C:/Program Files (x86)/Atmel/Studio/7.0/Packs/atmel/ATmega_DFP/1.6.364/gcc/dev/atmega128/avr51\libatmega128.a(eerd_block.o)
 .text          0x00000000        0x0 C:/Program Files (x86)/Atmel/Studio/7.0/Packs/atmel/ATmega_DFP/1.6.364/gcc/dev/atmega128/avr51\libatmega128.a(eewr_block.o)
 .data          0x00000000        0x0 C:/Program Files (x86)/Atmel/Studio/7.0/Packs/atmel/ATmega_DFP/1.6.364/gcc/dev/atmega128/avr51\libatmega128.a(eewr_block.o)
 .bss           0x00000000        0x0 C:/Program Files (x86)/Atmel/Studio/7.0/Packs/atmel/ATmega_DFP/1.6.364/gcc/dev/atmega128/avr51\libatmega128.a(eewr_block.o)
 .text          0x00000000        0x0 C:/Program Files (x86)/Atmel/Studio/7.0/Packs/atmel/ATmega_DFP/1.6.364/gcc/dev/atmega128/avr51\libatmega128.a(eewr_byte.o)
 .data          0x00000000        0x0 C:/Program Files (x86)/Atmel/Studio/7.0/Packs/atmel/ATmega_DFP/1.6.364/gcc/dev/atmega128/avr51\libatmega128.a(eewr_byte.o)
 .bss           0x00000000        0x0 C:/Program Files (x86)/Atmel/Studio/7.0/Packs/atmel/ATmega_DFP/1.6.364/gcc/dev/atmega128/avr51\libatmega128.a(eewr_byte.o)

Memory Configuration

Name             Origin             Length             Attributes
text             0x00000000         0x00020000         xr
data             0x00800100         0x00001000         rw !x
eeprom           0x00810000         0x00001000         rw !x
fuse             0x00820000         0x00000003         rw !x
lock             0x00830000         0x00000400         rw !x
signature        0x00840000         0x00000400         rw !x
user_signatures  0x00850000         0x00000400         rw !x
*default*        0x00000000         0xffffffff

Linker script and memory map

Address of section .data set to 0x800100
LOAD C:/Program Files (x86)/Atmel/Studio/7.0/Packs/atmel/ATmega_DFP/1.6.364/gcc/dev/atmega128/avr51/crtatmega128.o
LOAD main.o
START GROUP
LOAD c:/program files (x86)/atmel/studio/7.0/toolchain/avr8/avr8-gnu-toolchain/bin/../lib/gcc/avr/5.4.0/../../../../avr/lib/avr51\libm.a
LOAD c:/program files (x86)/atmel/studio/7.0/toolchain/avr8/avr8-gnu-toolchain/bin/../lib/gcc/avr/5.4.0/../../../../avr/lib/avr51\libprintf_flt.a
LOAD c:/program files (x86)/atmel/studio/7.0/toolchain/avr8/avr8-gnu-toolchain/bin/../lib/gcc/avr/5.4.0/../../../../avr/lib/avr51\libscanf_flt.a
LOAD D:\program\microchip\project 2\project 2\libc4m.a
END GROUP
START GROUP
LOAD c:/program files (x86)/atmel/studio/7.0/toolchain/avr8/avr8-gnu-toolchain/bin/../lib/gcc/avr/5.4.0/avr51\libgcc.a
LOAD c:/program files (x86)/atmel/studio/7.0/toolchain/avr8/avr8-gnu-toolchain/bin/../lib/gcc/avr/5.4.0/../../../../avr/lib/avr51\libm.a
LOAD c:/program files (x86)/atmel/studio/7.0/toolchain/avr8/avr8-gnu-toolchain/bin/../lib/gcc/avr/5.4.0/../../../../avr/lib/avr51\libc.a
LOAD C:/Program Files (x86)/Atmel/Studio/7.0/Packs/atmel/ATmega_DFP/1.6.364/gcc/dev/atmega128/avr51\libatmega128.a
END GROUP
                0x00000000                __TEXT_REGION_ORIGIN__ = DEFINED (__TEXT_REGION_ORIGIN__)?__TEXT_REGION_ORIGIN__:0x0
                [0x00800100]                __DATA_REGION_ORIGIN__ = DEFINED (__DATA_REGION_ORIGIN__)?__DATA_REGION_ORIGIN__:0x800100
                [0x00020000]                __TEXT_REGION_LENGTH__ = DEFINED (__TEXT_REGION_LENGTH__)?__TEXT_REGION_LENGTH__:0x20000
                [0x00001000]                __DATA_REGION_LENGTH__ = DEFINED (__DATA_REGION_LENGTH__)?__DATA_REGION_LENGTH__:0xff00
                [0x00001000]                __EEPROM_REGION_LENGTH__ = DEFINED (__EEPROM_REGION_LENGTH__)?__EEPROM_REGION_LENGTH__:0x10000
                [0x00000003]                __FUSE_REGION_LENGTH__ = DEFINED (__FUSE_REGION_LENGTH__)?__FUSE_REGION_LENGTH__:0x400
                0x00000400                __LOCK_REGION_LENGTH__ = DEFINED (__LOCK_REGION_LENGTH__)?__LOCK_REGION_LENGTH__:0x400
                0x00000400                __SIGNATURE_REGION_LENGTH__ = DEFINED (__SIGNATURE_REGION_LENGTH__)?__SIGNATURE_REGION_LENGTH__:0x400
                0x00000400                __USER_SIGNATURE_REGION_LENGTH__ = DEFINED (__USER_SIGNATURE_REGION_LENGTH__)?__USER_SIGNATURE_REGION_LENGTH__:0x400

.hash
 *(.hash)

.dynsym
 *(.dynsym)

.dynstr
 *(.dynstr)

.gnu.version
 *(.gnu.version)

.gnu.version_d
 *(.gnu.version_d)

.gnu.version_r
 *(.gnu.version_r)

.rel.init
 *(.rel.init)

.rela.init
 *(.rela.init)

.rel.text
 *(.rel.text)
 *(.rel.text.*)
 *(.rel.gnu.linkonce.t*)

.rela.text
 *(.rela.text)
 *(.rela.text.*)
 *(.rela.gnu.linkonce.t*)

.rel.fini
 *(.rel.fini)

.rela.fini
 *(.rela.fini)

.rel.rodata
 *(.rel.rodata)
 *(.rel.rodata.*)
 *(.rel.gnu.linkonce.r*)

.rela.rodata
 *(.rela.rodata)
 *(.rela.rodata.*)
 *(.rela.gnu.linkonce.r*)

.rel.data
 *(.rel.data)
 *(.rel.data.*)
 *(.rel.gnu.linkonce.d*)

.rela.data
 *(.rela.data)
 *(.rela.data.*)
 *(.rela.gnu.linkonce.d*)

.rel.ctors
 *(.rel.ctors)

.rela.ctors
 *(.rela.ctors)

.rel.dtors
 *(.rel.dtors)

.rela.dtors
 *(.rela.dtors)

.rel.got
 *(.rel.got)

.rela.got
 *(.rela.got)

.rel.bss
 *(.rel.bss)

.rela.bss
 *(.rela.bss)

.rel.plt
 *(.rel.plt)

.rela.plt
 *(.rela.plt)

.text           0x00000000     0x3282
 *(.vectors)
 .vectors       0x00000000       0x8c C:/Program Files (x86)/Atmel/Studio/7.0/Packs/atmel/ATmega_DFP/1.6.364/gcc/dev/atmega128/avr51/crtatmega128.o
                0x00000000                __vector_default
                0x00000000                __vectors
 *(.vectors)
 *(.progmem.gcc*)
                0x0000008c                . = ALIGN (0x2)
                0x0000008c                __trampolines_start = .
 *(.trampolines)
 .trampolines   0x0000008c        0x0 linker stubs
 *(.trampolines*)
                0x0000008c                __trampolines_end = .
 *libprintf_flt.a:*(.progmem.data)
 .progmem.data  0x0000008c        0x8 c:/program files (x86)/atmel/studio/7.0/toolchain/avr8/avr8-gnu-toolchain/bin/../lib/gcc/avr/5.4.0/../../../../avr/lib/avr51\libprintf_flt.a(vfprintf_flt.o)
 *libc.a:*(.progmem.data)
 .progmem.data  0x00000094       0xfa c:/program files (x86)/atmel/studio/7.0/toolchain/avr8/avr8-gnu-toolchain/bin/../lib/gcc/avr/5.4.0/../../../../avr/lib/avr51\libc.a(ftoa_engine.o)
 *(.progmem*)
 .progmem.data  0x0000018e       0x4d c:/program files (x86)/atmel/studio/7.0/toolchain/avr8/avr8-gnu-toolchain/bin/../lib/gcc/avr/5.4.0/../../../../avr/lib/avr51\libscanf_flt.a(vfscanf_flt.o)
                0x000001dc                . = ALIGN (0x2)
 *fill*         0x000001db        0x1 
 *(.jumptables)
 *(.jumptables*)
 *(.lowtext)
 *(.lowtext*)
                0x000001dc                __ctors_start = .
 *(.ctors)
                0x000001dc                __ctors_end = .
                0x000001dc                __dtors_start = .
 *(.dtors)
                0x000001dc                __dtors_end = .
 SORT(*)(.ctors)
 SORT(*)(.dtors)
 *(.init0)
 .init0         0x000001dc        0x0 C:/Program Files (x86)/Atmel/Studio/7.0/Packs/atmel/ATmega_DFP/1.6.364/gcc/dev/atmega128/avr51/crtatmega128.o
                0x000001dc                __init
 *(.init0)
 *(.init1)
 *(.init1)
 *(.init2)
 .init2         0x000001dc        0xc C:/Program Files (x86)/Atmel/Studio/7.0/Packs/atmel/ATmega_DFP/1.6.364/gcc/dev/atmega128/avr51/crtatmega128.o
 *(.init2)
 *(.init3)
 *(.init3)
 *(.init4)
 .init4         0x000001e8       0x1a c:/program files (x86)/atmel/studio/7.0/toolchain/avr8/avr8-gnu-toolchain/bin/../lib/gcc/avr/5.4.0/avr51\libgcc.a(_copy_data.o)
                0x000001e8                __do_copy_data
 .init4         0x00000202       0x10 c:/program files (x86)/atmel/studio/7.0/toolchain/avr8/avr8-gnu-toolchain/bin/../lib/gcc/avr/5.4.0/avr51\libgcc.a(_clear_bss.o)
                0x00000202                __do_clear_bss
 *(.init4)
 *(.init5)
 *(.init5)
 *(.init6)
 *(.init6)
 *(.init7)
 *(.init7)
 *(.init8)
 *(.init8)
 *(.init9)
 .init9         0x00000212        0x8 C:/Program Files (x86)/Atmel/Studio/7.0/Packs/atmel/ATmega_DFP/1.6.364/gcc/dev/atmega128/avr51/crtatmega128.o
 *(.init9)
 *(.text)
 .text          0x0000021a       0x16 D:\program\microchip\project 2\project 2\libc4m.a(device.o)
                0x0000021a                C4M_DEVICE_set
 .text          0x00000230      0x1ee D:\program\microchip\project 2\project 2\libc4m.a(std_isr.o)
                0x00000230                USE_C4MLIB_STD_ISR
                0x00000232                TIMER0_OVF_vect_routine1
                0x00000244                TIMER0_COMP_vect_routine1
                0x00000256                TIMER1_OVF_vect_routine1
                0x00000268                TIMER1_COMPA_vect_routine1
                0x0000027a                TIMER1_COMPB_vect_routine1
                0x0000027c                TIMER1_COMPC_vect_routine1
                0x0000027e                TIMER2_OVF_vect_routine1
                0x00000290                TIMER2_COMP_vect_routine1
                0x000002a2                TIMER3_OVF_vect_routine1
                0x000002b4                TIMER3_COMPA_vect_routine1
                0x000002c6                TIMER3_COMPB_vect_routine1
                0x000002c8                TIMER3_COMPC_vect_routine1
                0x000002ca                INT0_vect_routine1
                0x000002dc                INT1_vect_routine1
                0x000002ee                INT2_vect_routine1
                0x00000300                INT3_vect_routine1
                0x00000312                INT4_vect_routine1
                0x00000324                INT5_vect_routine1
                0x00000336                INT6_vect_routine1
                0x00000348                INT7_vect_routine1
                0x0000035a                TWI_vect_routine1
                0x0000036c                SPI_STC_vect_routine1
                0x0000038c                USART0_TX_vect_routine1
                0x000003ac                USART0_RX_vect_routine1
                0x000003cc                USART1_TX_vect_routine1
                0x000003ec                USART1_RX_vect_routine1
                0x0000040c                ADC_vect_routine1
 .text          0x0000041e      0x392 D:\program\microchip\project 2\project 2\libc4m.a(hal_uart.o)
 .text          0x000007b0      0x370 D:\program\microchip\project 2\project 2\libc4m.a(hal_spi.o)
 .text          0x00000b20      0xaf6 D:\program\microchip\project 2\project 2\libc4m.a(isr.o)
                0x00000b20                USE_C4MLIB_INTERRUPT
                0x00000b22                __INT0_vect_routine1
                0x00000b24                INT0_vect_routine
                0x00000b24                __INT0_vect_routine
                0x00000b26                __vector_1
                0x00000b74                __INT1_vect_routine1
                0x00000b76                __INT1_vect_routine
                0x00000b76                INT1_vect_routine
                0x00000b78                __vector_2
                0x00000bc6                __INT2_vect_routine1
                0x00000bc8                __INT2_vect_routine
                0x00000bc8                INT2_vect_routine
                0x00000bca                __vector_3
                0x00000c18                __INT3_vect_routine1
                0x00000c1a                INT3_vect_routine
                0x00000c1a                __INT3_vect_routine
                0x00000c1c                __vector_4
                0x00000c6a                __INT4_vect_routine1
                0x00000c6c                __INT4_vect_routine
                0x00000c6c                INT4_vect_routine
                0x00000c6e                __vector_5
                0x00000cbc                __INT5_vect_routine1
                0x00000cbe                __INT5_vect_routine
                0x00000cbe                INT5_vect_routine
                0x00000cc0                __vector_6
                0x00000d0e                __INT6_vect_routine1
                0x00000d10                INT6_vect_routine
                0x00000d10                __INT6_vect_routine
                0x00000d12                __vector_7
                0x00000d60                __INT7_vect_routine1
                0x00000d62                __INT7_vect_routine
                0x00000d62                INT7_vect_routine
                0x00000d64                __vector_8
                0x00000db2                __TIMER2_COMP_vect_routine1
                0x00000db4                __TIMER2_COMP_vect_routine
                0x00000db4                TIMER2_COMP_vect_routine
                0x00000db6                __vector_9
                0x00000e04                __TIMER2_OVF_vect_routine1
                0x00000e06                TIMER2_OVF_vect_routine
                0x00000e06                __TIMER2_OVF_vect_routine
                0x00000e08                __vector_10
                0x00000e56                TIMER1_CAPT_vect_routine1
                0x00000e56                __TIMER1_CAPT_vect_routine1
                0x00000e58                TIMER1_CAPT_vect_routine
                0x00000e58                __TIMER1_CAPT_vect_routine
                0x00000e5a                __vector_11
                0x00000ea8                __TIMER1_COMPA_vect_routine1
                0x00000eaa                __TIMER1_COMPA_vect_routine
                0x00000eaa                TIMER1_COMPA_vect_routine
                0x00000eac                __vector_12
                0x00000efa                __TIMER1_COMPB_vect_routine1
                0x00000efc                __TIMER1_COMPB_vect_routine
                0x00000efc                TIMER1_COMPB_vect_routine
                0x00000efe                __vector_13
                0x00000f4c                __TIMER1_OVF_vect_routine1
                0x00000f4e                __TIMER1_OVF_vect_routine
                0x00000f4e                TIMER1_OVF_vect_routine
                0x00000f50                __vector_14
                0x00000f9e                __TIMER0_COMP_vect_routine1
                0x00000fa0                TIMER0_COMP_vect_routine
                0x00000fa0                __TIMER0_COMP_vect_routine
                0x00000fa2                __vector_15
                0x00000ff0                __TIMER0_OVF_vect_routine1
                0x00000ff2                TIMER0_OVF_vect_routine
                0x00000ff2                __TIMER0_OVF_vect_routine
                0x00000ff4                __vector_16
                0x00001042                __SPI_STC_vect_routine1
                0x00001044                SPI_STC_vect_routine
                0x00001044                __SPI_STC_vect_routine
                0x00001046                __vector_17
                0x00001094                __USART0_RX_vect_routine1
                0x00001096                USART0_RX_vect_routine
                0x00001096                __USART0_RX_vect_routine
                0x00001098                __vector_18
                0x000010e6                __USART0_UDRE_vect_routine1
                0x000010e6                USART0_UDRE_vect_routine1
                0x000010e8                __USART0_UDRE_vect_routine
                0x000010e8                USART0_UDRE_vect_routine
                0x000010ea                __vector_19
                0x00001138                __USART0_TX_vect_routine1
                0x0000113a                USART0_TX_vect_routine
                0x0000113a                __USART0_TX_vect_routine
                0x0000113c                __vector_20
                0x0000118a                __ADC_vect_routine1
                0x0000118c                ADC_vect_routine
                0x0000118c                __ADC_vect_routine
                0x0000118e                __vector_21
                0x000011dc                __EE_READY_vect_routine1
                0x000011dc                EE_READY_vect_routine1
                0x000011de                EE_READY_vect_routine
                0x000011de                __EE_READY_vect_routine
                0x000011e0                __vector_22
                0x0000122e                __ANALOG_COMP_vect_routine1
                0x0000122e                ANALOG_COMP_vect_routine1
                0x00001230                __ANALOG_COMP_vect_routine
                0x00001230                ANALOG_COMP_vect_routine
                0x00001232                __vector_23
                0x00001280                __TIMER1_COMPC_vect_routine1
                0x00001282                TIMER1_COMPC_vect_routine
                0x00001282                __TIMER1_COMPC_vect_routine
                0x00001286                __vector_24
                0x000012d4                TIMER3_CAPT_vect_routine1
                0x000012d4                __TIMER3_CAPT_vect_routine1
                0x000012d6                TIMER3_CAPT_vect_routine
                0x000012d6                __TIMER3_CAPT_vect_routine
                0x000012d8                __vector_25
                0x00001326                __TIMER3_COMPA_vect_routine1
                0x00001328                TIMER3_COMPA_vect_routine
                0x00001328                __TIMER3_COMPA_vect_routine
                0x0000132c                __vector_26
                0x0000137a                __TIMER3_COMPB_vect_routine1
                0x0000137c                TIMER3_COMPB_vect_routine
                0x0000137c                __TIMER3_COMPB_vect_routine
                0x00001380                __vector_27
                0x000013ce                __TIMER3_COMPC_vect_routine1
                0x000013d0                TIMER3_COMPC_vect_routine
                0x000013d0                __TIMER3_COMPC_vect_routine
                0x000013d4                __vector_28
                0x00001422                __TIMER3_OVF_vect_routine1
                0x00001424                TIMER3_OVF_vect_routine
                0x00001424                __TIMER3_OVF_vect_routine
                0x00001428                __vector_29
                0x00001476                __USART1_RX_vect_routine1
                0x00001478                USART1_RX_vect_routine
                0x00001478                __USART1_RX_vect_routine
                0x0000147c                __vector_30
                0x000014ca                USART1_UDRE_vect_routine1
                0x000014ca                __USART1_UDRE_vect_routine1
                0x000014cc                __USART1_UDRE_vect_routine
                0x000014cc                USART1_UDRE_vect_routine
                0x000014ce                __vector_31
                0x0000151c                __USART1_TX_vect_routine1
                0x0000151e                USART1_TX_vect_routine
                0x0000151e                __USART1_TX_vect_routine
                0x00001522                __vector_32
                0x00001570                __TWI_vect_routine1
                0x00001572                __TWI_vect_routine
                0x00001572                TWI_vect_routine
                0x00001576                __vector_33
                0x000015c4                SPM_READY_vect_routine1
                0x000015c4                __SPM_READY_vect_routine1
                0x000015c6                __SPM_READY_vect_routine
                0x000015c6                SPM_READY_vect_routine
                0x000015c8                __vector_34
 .text          0x00001616       0x20 D:\program\microchip\project 2\project 2\libc4m.a(eeprom.o)
                0x00001616                EEPROM_set
                0x00001626                EEPROM_get
 .text          0x00001636       0xb0 D:\program\microchip\project 2\project 2\libc4m.a(hardware_interrupt.o)
                0x00001636                HWInt_step
                0x0000167e                HWInt_reg
                0x000016c0                HWInt_en
 .text          0x000016e6       0x4e D:\program\microchip\project 2\project 2\libc4m.a(stdio.o)
                0x0000170a                C4M_STDIO_init
 .text          0x00001734      0x1d4 D:\program\microchip\project 2\project 2\libc4m.a(hal_time.o)
                0x00001734                HAL_time_init
                0x00001746                HAL_get_time
                0x00001774                HAL_get_expired_time_us
                0x000017e0                HAL_get_expired_time_ms
                0x00001834                HAL_timeout_test
                0x00001884                HAL_delay
                0x000018e0                HAL_tick
 .text          0x00001908       0x80 D:\program\microchip\project 2\project 2\libc4m.a(asabus.o)
                0x00001908                ASABUS_ID_set
                0x0000191e                ASABUS_ID_init
                0x00001926                ASABUS_SPI_init
                0x00001942                ASABUS_SPI_swap
                0x0000194c                ASABUS_UART_init
                0x0000196c                ASABUS_UART_transmit
                0x0000197a                ASABUS_UART_receive
                0x00001988                . = ALIGN (0x2)
 *(.text.*)
 .text.time     0x00001988       0x1c main.o
                0x00001988                time
 .text.keybroad
                0x000019a4      0x1ca main.o
                0x000019a4                keybroad
 .text.change   0x00001b6e       0x26 main.o
                0x00001b6e                change
 .text.write    0x00001b94       0x58 main.o
                0x00001b94                write
 .text.main     0x00001bec       0x82 main.o
                0x00001bec                main
 .text.avr-libc
                0x00001c6e      0x72c c:/program files (x86)/atmel/studio/7.0/toolchain/avr8/avr8-gnu-toolchain/bin/../lib/gcc/avr/5.4.0/../../../../avr/lib/avr51\libprintf_flt.a(vfprintf_flt.o)
                0x00001c6e                vfprintf
 .text.avr-libc
                0x0000239a      0x850 c:/program files (x86)/atmel/studio/7.0/toolchain/avr8/avr8-gnu-toolchain/bin/../lib/gcc/avr/5.4.0/../../../../avr/lib/avr51\libscanf_flt.a(vfscanf_flt.o)
                0x00002980                vfscanf
 .text.avr-libc.fplib
                0x00002bea       0x7a c:/program files (x86)/atmel/studio/7.0/toolchain/avr8/avr8-gnu-toolchain/bin/../lib/gcc/avr/5.4.0/../../../../avr/lib/avr51\libm.a(floatsisf.o)
                0x00002bea                __floatunsisf
                0x00002bee                __floatsisf
 .text.avr-libc.fplib
                0x00002c64        0x4 c:/program files (x86)/atmel/studio/7.0/toolchain/avr8/avr8-gnu-toolchain/bin/../lib/gcc/avr/5.4.0/../../../../avr/lib/avr51\libm.a(mulsf3.o)
                0x00002c64                __mulsf3
 .text.avr-libc.fplib
                0x00002c68       0xc2 c:/program files (x86)/atmel/studio/7.0/toolchain/avr8/avr8-gnu-toolchain/bin/../lib/gcc/avr/5.4.0/../../../../avr/lib/avr51\libm.a(mulsf3x.o)
                0x00002c7c                __mulsf3x
                0x00002c80                __mulsf3_pse
 .text.avr-libc.fplib
                0x00002d2a        0xc c:/program files (x86)/atmel/studio/7.0/toolchain/avr8/avr8-gnu-toolchain/bin/../lib/gcc/avr/5.4.0/../../../../avr/lib/avr51\libm.a(fp_inf.o)
                0x00002d2a                __fp_inf
 .text.avr-libc.fplib
                0x00002d36        0x6 c:/program files (x86)/atmel/studio/7.0/toolchain/avr8/avr8-gnu-toolchain/bin/../lib/gcc/avr/5.4.0/../../../../avr/lib/avr51\libm.a(fp_nan.o)
                0x00002d36                __fp_nan
 .text.avr-libc.fplib
                0x00002d3c        0xe c:/program files (x86)/atmel/studio/7.0/toolchain/avr8/avr8-gnu-toolchain/bin/../lib/gcc/avr/5.4.0/../../../../avr/lib/avr51\libm.a(fp_pscA.o)
                0x00002d3c                __fp_pscA
 .text.avr-libc.fplib
                0x00002d4a        0xe c:/program files (x86)/atmel/studio/7.0/toolchain/avr8/avr8-gnu-toolchain/bin/../lib/gcc/avr/5.4.0/../../../../avr/lib/avr51\libm.a(fp_pscB.o)
                0x00002d4a                __fp_pscB
 .text.avr-libc.fplib
                0x00002d58       0x22 c:/program files (x86)/atmel/studio/7.0/toolchain/avr8/avr8-gnu-toolchain/bin/../lib/gcc/avr/5.4.0/../../../../avr/lib/avr51\libm.a(fp_round.o)
                0x00002d58                __fp_round
 .text.avr-libc.fplib
                0x00002d7a       0x44 c:/program files (x86)/atmel/studio/7.0/toolchain/avr8/avr8-gnu-toolchain/bin/../lib/gcc/avr/5.4.0/../../../../avr/lib/avr51\libm.a(fp_split3.o)
                0x00002d7a                __fp_split3
                0x00002d8a                __fp_splitA
 .text.avr-libc.fplib
                0x00002dbe        0xe c:/program files (x86)/atmel/studio/7.0/toolchain/avr8/avr8-gnu-toolchain/bin/../lib/gcc/avr/5.4.0/../../../../avr/lib/avr51\libm.a(fp_zero.o)
                0x00002dbe                __fp_zero
                0x00002dc0                __fp_szero
 .text.libgcc.div
                0x00002dcc       0x44 c:/program files (x86)/atmel/studio/7.0/toolchain/avr8/avr8-gnu-toolchain/bin/../lib/gcc/avr/5.4.0/avr51\libgcc.a(_udivmodsi4.o)
                0x00002dcc                __udivmodsi4
 .text.avr-libc
                0x00002e10      0x1b0 c:/program files (x86)/atmel/studio/7.0/toolchain/avr8/avr8-gnu-toolchain/bin/../lib/gcc/avr/5.4.0/../../../../avr/lib/avr51\libc.a(ftoa_engine.o)
                0x00002e10                __ftoa_engine
 .text.avr-libc
                0x00002fc0       0x10 c:/program files (x86)/atmel/studio/7.0/toolchain/avr8/avr8-gnu-toolchain/bin/../lib/gcc/avr/5.4.0/../../../../avr/lib/avr51\libc.a(isspace.o)
                0x00002fc0                isspace
 .text.avr-libc
                0x00002fd0       0x10 c:/program files (x86)/atmel/studio/7.0/toolchain/avr8/avr8-gnu-toolchain/bin/../lib/gcc/avr/5.4.0/../../../../avr/lib/avr51\libc.a(tolower.o)
                0x00002fd0                tolower
 .text.avr-libc
                0x00002fe0       0x16 c:/program files (x86)/atmel/studio/7.0/toolchain/avr8/avr8-gnu-toolchain/bin/../lib/gcc/avr/5.4.0/../../../../avr/lib/avr51\libc.a(strchr_P.o)
                0x00002fe0                strchr_P
 .text.avr-libc
                0x00002ff6       0x16 c:/program files (x86)/atmel/studio/7.0/toolchain/avr8/avr8-gnu-toolchain/bin/../lib/gcc/avr/5.4.0/../../../../avr/lib/avr51\libc.a(strnlen_P.o)
                0x00002ff6                strnlen_P
 .text.avr-libc
                0x0000300c       0x16 c:/program files (x86)/atmel/studio/7.0/toolchain/avr8/avr8-gnu-toolchain/bin/../lib/gcc/avr/5.4.0/../../../../avr/lib/avr51\libc.a(strnlen.o)
                0x0000300c                strnlen
 .text.avr-libc
                0x00003022       0x7c c:/program files (x86)/atmel/studio/7.0/toolchain/avr8/avr8-gnu-toolchain/bin/../lib/gcc/avr/5.4.0/../../../../avr/lib/avr51\libc.a(fgetc.o)
                0x00003022                fgetc
 .text.avr-libc
                0x0000309e       0x78 c:/program files (x86)/atmel/studio/7.0/toolchain/avr8/avr8-gnu-toolchain/bin/../lib/gcc/avr/5.4.0/../../../../avr/lib/avr51\libc.a(fputc.o)
                0x0000309e                fputc
 .text.avr-libc
                0x00003116       0x28 c:/program files (x86)/atmel/studio/7.0/toolchain/avr8/avr8-gnu-toolchain/bin/../lib/gcc/avr/5.4.0/../../../../avr/lib/avr51\libc.a(printf.o)
                0x00003116                printf
 .text.avr-libc
                0x0000313e       0x32 c:/program files (x86)/atmel/studio/7.0/toolchain/avr8/avr8-gnu-toolchain/bin/../lib/gcc/avr/5.4.0/../../../../avr/lib/avr51\libc.a(ungetc.o)
                0x0000313e                ungetc
 .text.avr-libc
                0x00003170       0xbc c:/program files (x86)/atmel/studio/7.0/toolchain/avr8/avr8-gnu-toolchain/bin/../lib/gcc/avr/5.4.0/../../../../avr/lib/avr51\libc.a(ultoa_invert.o)
                0x00003170                __ultoa_invert
 .text.avr-libc
                0x0000322c        0x6 c:/program files (x86)/atmel/studio/7.0/toolchain/avr8/avr8-gnu-toolchain/bin/../lib/gcc/avr/5.4.0/../../../../avr/lib/avr51\libc.a(cty_isfalse.o)
                0x0000322c                __ctype_isfalse
                0x00003230                __ctype_istrue
 .text.avr-libc
                0x00003232       0x20 C:/Program Files (x86)/Atmel/Studio/7.0/Packs/atmel/ATmega_DFP/1.6.364/gcc/dev/atmega128/avr51\libatmega128.a(eerd_block.o)
                0x00003232                eeprom_read_block
                0x00003236                eeprom_read_blraw
 .text.avr-libc
                0x00003252       0x12 C:/Program Files (x86)/Atmel/Studio/7.0/Packs/atmel/ATmega_DFP/1.6.364/gcc/dev/atmega128/avr51\libatmega128.a(eewr_block.o)
                0x00003252                eeprom_write_block
 .text.avr-libc
                0x00003264       0x1a C:/Program Files (x86)/Atmel/Studio/7.0/Packs/atmel/ATmega_DFP/1.6.364/gcc/dev/atmega128/avr51\libatmega128.a(eewr_byte.o)
                0x00003264                eeprom_write_byte
                0x00003266                eeprom_write_r18
                0x0000327e                . = ALIGN (0x2)
 *(.fini9)
 .fini9         0x0000327e        0x0 c:/program files (x86)/atmel/studio/7.0/toolchain/avr8/avr8-gnu-toolchain/bin/../lib/gcc/avr/5.4.0/avr51\libgcc.a(_exit.o)
                0x0000327e                _exit
                0x0000327e                exit
 *(.fini9)
 *(.fini8)
 *(.fini8)
 *(.fini7)
 *(.fini7)
 *(.fini6)
 *(.fini6)
 *(.fini5)
 *(.fini5)
 *(.fini4)
 *(.fini4)
 *(.fini3)
 *(.fini3)
 *(.fini2)
 *(.fini2)
 *(.fini1)
 *(.fini1)
 *(.fini0)
 .fini0         0x0000327e        0x4 c:/program files (x86)/atmel/studio/7.0/toolchain/avr8/avr8-gnu-toolchain/bin/../lib/gcc/avr/5.4.0/avr51\libgcc.a(_exit.o)
 *(.fini0)
                0x00003282                _etext = .

.data           0x00800100       0x52 load address 0x00003282
                0x00800100                PROVIDE (__data_start, .)
 *(.data)
 .data          0x00800100       0x20 D:\program\microchip\project 2\project 2\libc4m.a(hal_uart.o)
                0x00800100                UART1_Inst
                0x00800110                UART0_Inst
 .data          0x00800120       0x20 D:\program\microchip\project 2\project 2\libc4m.a(hal_spi.o)
                0x00800120                SPI_SlaveInst
                0x0080012b                SPI_MasterInst
 .data          0x00800140        0xe D:\program\microchip\project 2\project 2\libc4m.a(stdio.o)
 *(.data*)
 *(.gnu.linkonce.d*)
 *(.rodata)
 *(.rodata*)
 .rodata.str1.1
                0x0080014e        0x4 main.o
 *(.gnu.linkonce.r*)
                0x00800152                . = ALIGN (0x2)
                0x00800152                _edata = .
                0x00800152                PROVIDE (__data_end, .)

.bss            0x00800152       0x3b
                0x00800152                PROVIDE (__bss_start, .)
 *(.bss)
 .bss           0x00800152        0x2 D:\program\microchip\project 2\project 2\libc4m.a(hal_uart.o)
 *(.bss*)
 *(COMMON)
 COMMON         0x00800154        0x1 D:\program\microchip\project 2\project 2\libc4m.a(device.o)
                0x00800154                ASAConfigStr_inst
 COMMON         0x00800155       0x10 D:\program\microchip\project 2\project 2\libc4m.a(ext_imp.o)
                0x00800155                ExtIntStrList_p
 COMMON         0x00800165        0x8 D:\program\microchip\project 2\project 2\libc4m.a(pwm_imp.o)
                0x00800165                PwmIntStrList_p
 COMMON         0x0080016d        0x2 D:\program\microchip\project 2\project 2\libc4m.a(twi_imp.o)
                0x0080016d                TwiIntStrList_p
 COMMON         0x0080016f        0x8 D:\program\microchip\project 2\project 2\libc4m.a(uart_imp.o)
                0x0080016f                UartRxIntStrList_p
                0x00800173                UartTxIntStrList_p
 COMMON         0x00800177        0x2 D:\program\microchip\project 2\project 2\libc4m.a(spi_imp.o)
                0x00800177                SpiIntStrList_p
 COMMON         0x00800179        0x8 D:\program\microchip\project 2\project 2\libc4m.a(tim_imp.o)
                0x00800179                TimIntStrList_p
 COMMON         0x00800181        0x2 D:\program\microchip\project 2\project 2\libc4m.a(adc_imp.o)
                0x00800181                AdcIntStrList_p
 COMMON         0x00800183        0x4 D:\program\microchip\project 2\project 2\libc4m.a(hal_time.o)
                0x00800183                HAL_time_global
 COMMON         0x00800187        0x6 c:/program files (x86)/atmel/studio/7.0/toolchain/avr8/avr8-gnu-toolchain/bin/../lib/gcc/avr/5.4.0/../../../../avr/lib/avr51\libc.a(iob.o)
                0x00800187                __iob
                0x0080018d                PROVIDE (__bss_end, .)
                0x00003282                __data_load_start = LOADADDR (.data)
                0x000032d4                __data_load_end = (__data_load_start + SIZEOF (.data))

.noinit         0x0080018d        0x0
                [!provide]                PROVIDE (__noinit_start, .)
 *(.noinit*)
                [!provide]                PROVIDE (__noinit_end, .)
                0x0080018d                _end = .
                [!provide]                PROVIDE (__heap_start, .)

.eeprom         0x00810000        0x0
 *(.eeprom*)
                0x00810000                __eeprom_end = .

.fuse
 *(.fuse)
 *(.lfuse)
 *(.hfuse)
 *(.efuse)

.lock
 *(.lock*)

.signature
 *(.signature*)

.user_signatures
 *(.user_signatures*)

.stab
 *(.stab)

.stabstr
 *(.stabstr)

.stab.excl
 *(.stab.excl)

.stab.exclstr
 *(.stab.exclstr)

.stab.index
 *(.stab.index)

.stab.indexstr
 *(.stab.indexstr)

.comment        0x00000000       0x6d
 *(.comment)
 .comment       0x00000000       0x30 main.o
                                 0x31 (size before relaxing)
 .comment       0x00000030       0x2c c:/program files (x86)/atmel/studio/7.0/toolchain/avr8/avr8-gnu-toolchain/bin/../lib/gcc/avr/5.4.0/../../../../avr/lib/avr51\libprintf_flt.a(vfprintf_flt.o)
                                 0x2d (size before relaxing)
 .comment       0x0000005c       0x2d c:/program files (x86)/atmel/studio/7.0/toolchain/avr8/avr8-gnu-toolchain/bin/../lib/gcc/avr/5.4.0/../../../../avr/lib/avr51\libscanf_flt.a(vfscanf_flt.o)
 .comment       0x0000005c       0x11 D:\program\microchip\project 2\project 2\libc4m.a(device.o)
                                 0x12 (size before relaxing)
 .comment       0x0000006d       0x12 D:\program\microchip\project 2\project 2\libc4m.a(std_isr.o)
 .comment       0x0000006d       0x12 D:\program\microchip\project 2\project 2\libc4m.a(hal_uart.o)
 .comment       0x0000006d       0x12 D:\program\microchip\project 2\project 2\libc4m.a(hal_spi.o)
 .comment       0x0000006d       0x12 D:\program\microchip\project 2\project 2\libc4m.a(isr.o)
 .comment       0x0000006d       0x12 D:\program\microchip\project 2\project 2\libc4m.a(eeprom.o)
 .comment       0x0000006d       0x12 D:\program\microchip\project 2\project 2\libc4m.a(ext_imp.o)
 .comment       0x0000006d       0x12 D:\program\microchip\project 2\project 2\libc4m.a(pwm_imp.o)
 .comment       0x0000006d       0x12 D:\program\microchip\project 2\project 2\libc4m.a(twi_imp.o)
 .comment       0x0000006d       0x12 D:\program\microchip\project 2\project 2\libc4m.a(uart_imp.o)
 .comment       0x0000006d       0x12 D:\program\microchip\project 2\project 2\libc4m.a(spi_imp.o)
 .comment       0x0000006d       0x12 D:\program\microchip\project 2\project 2\libc4m.a(tim_imp.o)
 .comment       0x0000006d       0x12 D:\program\microchip\project 2\project 2\libc4m.a(adc_imp.o)
 .comment       0x0000006d       0x12 D:\program\microchip\project 2\project 2\libc4m.a(hardware_interrupt.o)
 .comment       0x0000006d       0x12 D:\program\microchip\project 2\project 2\libc4m.a(stdio.o)
 .comment       0x0000006d       0x12 D:\program\microchip\project 2\project 2\libc4m.a(hal_time.o)
 .comment       0x0000006d       0x12 D:\program\microchip\project 2\project 2\libc4m.a(asabus.o)
 .comment       0x0000006d       0x31 c:/program files (x86)/atmel/studio/7.0/toolchain/avr8/avr8-gnu-toolchain/bin/../lib/gcc/avr/5.4.0/../../../../avr/lib/avr51\libc.a(fgetc.o)
 .comment       0x0000006d       0x31 c:/program files (x86)/atmel/studio/7.0/toolchain/avr8/avr8-gnu-toolchain/bin/../lib/gcc/avr/5.4.0/../../../../avr/lib/avr51\libc.a(fputc.o)
 .comment       0x0000006d       0x31 c:/program files (x86)/atmel/studio/7.0/toolchain/avr8/avr8-gnu-toolchain/bin/../lib/gcc/avr/5.4.0/../../../../avr/lib/avr51\libc.a(iob.o)
 .comment       0x0000006d       0x31 c:/program files (x86)/atmel/studio/7.0/toolchain/avr8/avr8-gnu-toolchain/bin/../lib/gcc/avr/5.4.0/../../../../avr/lib/avr51\libc.a(printf.o)
 .comment       0x0000006d       0x31 c:/program files (x86)/atmel/studio/7.0/toolchain/avr8/avr8-gnu-toolchain/bin/../lib/gcc/avr/5.4.0/../../../../avr/lib/avr51\libc.a(ungetc.o)

.note.gnu.avr.deviceinfo
                0x00000000       0x3c
 .note.gnu.avr.deviceinfo
                0x00000000       0x3c C:/Program Files (x86)/Atmel/Studio/7.0/Packs/atmel/ATmega_DFP/1.6.364/gcc/dev/atmega128/avr51/crtatmega128.o

.note.gnu.build-id
 *(.note.gnu.build-id)

.debug
 *(.debug)

.line
 *(.line)

.debug_srcinfo
 *(.debug_srcinfo)

.debug_sfnames
 *(.debug_sfnames)

.debug_aranges  0x00000000      0x288
 *(.debug_aranges)
 .debug_aranges
                0x00000000       0x40 main.o
 .debug_aranges
                0x00000040       0x20 D:\program\microchip\project 2\project 2\libc4m.a(device.o)
 .debug_aranges
                0x00000060       0x20 D:\program\microchip\project 2\project 2\libc4m.a(std_isr.o)
 .debug_aranges
                0x00000080       0x20 D:\program\microchip\project 2\project 2\libc4m.a(hal_uart.o)
 .debug_aranges
                0x000000a0       0x20 D:\program\microchip\project 2\project 2\libc4m.a(hal_spi.o)
 .debug_aranges
                0x000000c0       0x20 D:\program\microchip\project 2\project 2\libc4m.a(isr.o)
 .debug_aranges
                0x000000e0       0x20 D:\program\microchip\project 2\project 2\libc4m.a(eeprom.o)
 .debug_aranges
                0x00000100       0x18 D:\program\microchip\project 2\project 2\libc4m.a(ext_imp.o)
 .debug_aranges
                0x00000118       0x18 D:\program\microchip\project 2\project 2\libc4m.a(pwm_imp.o)
 .debug_aranges
                0x00000130       0x18 D:\program\microchip\project 2\project 2\libc4m.a(twi_imp.o)
 .debug_aranges
                0x00000148       0x18 D:\program\microchip\project 2\project 2\libc4m.a(uart_imp.o)
 .debug_aranges
                0x00000160       0x18 D:\program\microchip\project 2\project 2\libc4m.a(spi_imp.o)
 .debug_aranges
                0x00000178       0x18 D:\program\microchip\project 2\project 2\libc4m.a(tim_imp.o)
 .debug_aranges
                0x00000190       0x18 D:\program\microchip\project 2\project 2\libc4m.a(adc_imp.o)
 .debug_aranges
                0x000001a8       0x20 D:\program\microchip\project 2\project 2\libc4m.a(hardware_interrupt.o)
 .debug_aranges
                0x000001c8       0x20 D:\program\microchip\project 2\project 2\libc4m.a(stdio.o)
 .debug_aranges
                0x000001e8       0x20 D:\program\microchip\project 2\project 2\libc4m.a(hal_time.o)
 .debug_aranges
                0x00000208       0x20 D:\program\microchip\project 2\project 2\libc4m.a(asabus.o)
 .debug_aranges
                0x00000228       0x20 C:/Program Files (x86)/Atmel/Studio/7.0/Packs/atmel/ATmega_DFP/1.6.364/gcc/dev/atmega128/avr51\libatmega128.a(eerd_block.o)
 .debug_aranges
                0x00000248       0x20 C:/Program Files (x86)/Atmel/Studio/7.0/Packs/atmel/ATmega_DFP/1.6.364/gcc/dev/atmega128/avr51\libatmega128.a(eewr_block.o)
 .debug_aranges
                0x00000268       0x20 C:/Program Files (x86)/Atmel/Studio/7.0/Packs/atmel/ATmega_DFP/1.6.364/gcc/dev/atmega128/avr51\libatmega128.a(eewr_byte.o)

.debug_pubnames
 *(.debug_pubnames)

.debug_info     0x00000000     0x4bd6
 *(.debug_info .gnu.linkonce.wi.*)
 .debug_info    0x00000000      0x780 C:/Program Files (x86)/Atmel/Studio/7.0/Packs/atmel/ATmega_DFP/1.6.364/gcc/dev/atmega128/avr51/crtatmega128.o
 .debug_info    0x00000780      0x45a main.o
 .debug_info    0x00000bda      0x4d1 D:\program\microchip\project 2\project 2\libc4m.a(device.o)
 .debug_info    0x000010ab      0x876 D:\program\microchip\project 2\project 2\libc4m.a(std_isr.o)
 .debug_info    0x00001921      0x7a7 D:\program\microchip\project 2\project 2\libc4m.a(hal_uart.o)
 .debug_info    0x000020c8      0x7fc D:\program\microchip\project 2\project 2\libc4m.a(hal_spi.o)
 .debug_info    0x000028c4      0xaa6 D:\program\microchip\project 2\project 2\libc4m.a(isr.o)
 .debug_info    0x0000336a      0x16d D:\program\microchip\project 2\project 2\libc4m.a(eeprom.o)
 .debug_info    0x000034d7      0x14a D:\program\microchip\project 2\project 2\libc4m.a(ext_imp.o)
 .debug_info    0x00003621      0x14a D:\program\microchip\project 2\project 2\libc4m.a(pwm_imp.o)
 .debug_info    0x0000376b      0x14a D:\program\microchip\project 2\project 2\libc4m.a(twi_imp.o)
 .debug_info    0x000038b5      0x166 D:\program\microchip\project 2\project 2\libc4m.a(uart_imp.o)
 .debug_info    0x00003a1b      0x14a D:\program\microchip\project 2\project 2\libc4m.a(spi_imp.o)
 .debug_info    0x00003b65      0x14a D:\program\microchip\project 2\project 2\libc4m.a(tim_imp.o)
 .debug_info    0x00003caf      0x14a D:\program\microchip\project 2\project 2\libc4m.a(adc_imp.o)
 .debug_info    0x00003df9      0x353 D:\program\microchip\project 2\project 2\libc4m.a(hardware_interrupt.o)
 .debug_info    0x0000414c      0x246 D:\program\microchip\project 2\project 2\libc4m.a(stdio.o)
 .debug_info    0x00004392      0x234 D:\program\microchip\project 2\project 2\libc4m.a(hal_time.o)
 .debug_info    0x000045c6      0x440 D:\program\microchip\project 2\project 2\libc4m.a(asabus.o)
 .debug_info    0x00004a06       0x9b C:/Program Files (x86)/Atmel/Studio/7.0/Packs/atmel/ATmega_DFP/1.6.364/gcc/dev/atmega128/avr51\libatmega128.a(eerd_block.o)
 .debug_info    0x00004aa1       0x9b C:/Program Files (x86)/Atmel/Studio/7.0/Packs/atmel/ATmega_DFP/1.6.364/gcc/dev/atmega128/avr51\libatmega128.a(eewr_block.o)
 .debug_info    0x00004b3c       0x9a C:/Program Files (x86)/Atmel/Studio/7.0/Packs/atmel/ATmega_DFP/1.6.364/gcc/dev/atmega128/avr51\libatmega128.a(eewr_byte.o)

.debug_abbrev   0x00000000     0x1dd2
 *(.debug_abbrev)
 .debug_abbrev  0x00000000      0x718 C:/Program Files (x86)/Atmel/Studio/7.0/Packs/atmel/ATmega_DFP/1.6.364/gcc/dev/atmega128/avr51/crtatmega128.o
 .debug_abbrev  0x00000718      0x1f9 main.o
 .debug_abbrev  0x00000911      0x174 D:\program\microchip\project 2\project 2\libc4m.a(device.o)
 .debug_abbrev  0x00000a85      0x19e D:\program\microchip\project 2\project 2\libc4m.a(std_isr.o)
 .debug_abbrev  0x00000c23      0x2e0 D:\program\microchip\project 2\project 2\libc4m.a(hal_uart.o)
 .debug_abbrev  0x00000f03      0x22e D:\program\microchip\project 2\project 2\libc4m.a(hal_spi.o)
 .debug_abbrev  0x00001131       0xea D:\program\microchip\project 2\project 2\libc4m.a(isr.o)
 .debug_abbrev  0x0000121b       0x9e D:\program\microchip\project 2\project 2\libc4m.a(eeprom.o)
 .debug_abbrev  0x000012b9       0xb0 D:\program\microchip\project 2\project 2\libc4m.a(ext_imp.o)
 .debug_abbrev  0x00001369       0xb0 D:\program\microchip\project 2\project 2\libc4m.a(pwm_imp.o)
 .debug_abbrev  0x00001419       0xb0 D:\program\microchip\project 2\project 2\libc4m.a(twi_imp.o)
 .debug_abbrev  0x000014c9       0xb0 D:\program\microchip\project 2\project 2\libc4m.a(uart_imp.o)
 .debug_abbrev  0x00001579       0xb0 D:\program\microchip\project 2\project 2\libc4m.a(spi_imp.o)
 .debug_abbrev  0x00001629       0xb0 D:\program\microchip\project 2\project 2\libc4m.a(tim_imp.o)
 .debug_abbrev  0x000016d9       0xb0 D:\program\microchip\project 2\project 2\libc4m.a(adc_imp.o)
 .debug_abbrev  0x00001789      0x1a3 D:\program\microchip\project 2\project 2\libc4m.a(hardware_interrupt.o)
 .debug_abbrev  0x0000192c      0x1a7 D:\program\microchip\project 2\project 2\libc4m.a(stdio.o)
 .debug_abbrev  0x00001ad3      0x160 D:\program\microchip\project 2\project 2\libc4m.a(hal_time.o)
 .debug_abbrev  0x00001c33      0x163 D:\program\microchip\project 2\project 2\libc4m.a(asabus.o)
 .debug_abbrev  0x00001d96       0x14 C:/Program Files (x86)/Atmel/Studio/7.0/Packs/atmel/ATmega_DFP/1.6.364/gcc/dev/atmega128/avr51\libatmega128.a(eerd_block.o)
 .debug_abbrev  0x00001daa       0x14 C:/Program Files (x86)/Atmel/Studio/7.0/Packs/atmel/ATmega_DFP/1.6.364/gcc/dev/atmega128/avr51\libatmega128.a(eewr_block.o)
 .debug_abbrev  0x00001dbe       0x14 C:/Program Files (x86)/Atmel/Studio/7.0/Packs/atmel/ATmega_DFP/1.6.364/gcc/dev/atmega128/avr51\libatmega128.a(eewr_byte.o)

.debug_line     0x00000000     0x3738
 *(.debug_line .debug_line.* .debug_line_end)
 .debug_line    0x00000000      0x16a C:/Program Files (x86)/Atmel/Studio/7.0/Packs/atmel/ATmega_DFP/1.6.364/gcc/dev/atmega128/avr51/crtatmega128.o
 .debug_line    0x0000016a      0x2ff main.o
 .debug_line    0x00000469      0x142 D:\program\microchip\project 2\project 2\libc4m.a(device.o)
 .debug_line    0x000005ab      0x721 D:\program\microchip\project 2\project 2\libc4m.a(std_isr.o)
 .debug_line    0x00000ccc      0x9be D:\program\microchip\project 2\project 2\libc4m.a(hal_uart.o)
 .debug_line    0x0000168a      0x83d D:\program\microchip\project 2\project 2\libc4m.a(hal_spi.o)
 .debug_line    0x00001ec7      0x5eb D:\program\microchip\project 2\project 2\libc4m.a(isr.o)
 .debug_line    0x000024b2      0x103 D:\program\microchip\project 2\project 2\libc4m.a(eeprom.o)
 .debug_line    0x000025b5       0xe5 D:\program\microchip\project 2\project 2\libc4m.a(ext_imp.o)
 .debug_line    0x0000269a       0xe5 D:\program\microchip\project 2\project 2\libc4m.a(pwm_imp.o)
 .debug_line    0x0000277f       0xe5 D:\program\microchip\project 2\project 2\libc4m.a(twi_imp.o)
 .debug_line    0x00002864       0xe7 D:\program\microchip\project 2\project 2\libc4m.a(uart_imp.o)
 .debug_line    0x0000294b       0xe5 D:\program\microchip\project 2\project 2\libc4m.a(spi_imp.o)
 .debug_line    0x00002a30       0xe5 D:\program\microchip\project 2\project 2\libc4m.a(tim_imp.o)
 .debug_line    0x00002b15       0xe5 D:\program\microchip\project 2\project 2\libc4m.a(adc_imp.o)
 .debug_line    0x00002bfa      0x2ca D:\program\microchip\project 2\project 2\libc4m.a(hardware_interrupt.o)
 .debug_line    0x00002ec4      0x1b8 D:\program\microchip\project 2\project 2\libc4m.a(stdio.o)
 .debug_line    0x0000307c      0x25b D:\program\microchip\project 2\project 2\libc4m.a(hal_time.o)
 .debug_line    0x000032d7      0x29e D:\program\microchip\project 2\project 2\libc4m.a(asabus.o)
 .debug_line    0x00003575       0xab C:/Program Files (x86)/Atmel/Studio/7.0/Packs/atmel/ATmega_DFP/1.6.364/gcc/dev/atmega128/avr51\libatmega128.a(eerd_block.o)
 .debug_line    0x00003620       0x80 C:/Program Files (x86)/Atmel/Studio/7.0/Packs/atmel/ATmega_DFP/1.6.364/gcc/dev/atmega128/avr51\libatmega128.a(eewr_block.o)
 .debug_line    0x000036a0       0x98 C:/Program Files (x86)/Atmel/Studio/7.0/Packs/atmel/ATmega_DFP/1.6.364/gcc/dev/atmega128/avr51\libatmega128.a(eewr_byte.o)

.debug_frame    0x00000000     0x1810
 *(.debug_frame)
 .debug_frame   0x00000000       0xc0 main.o
 .debug_frame   0x000000c0       0x24 D:\program\microchip\project 2\project 2\libc4m.a(device.o)
 .debug_frame   0x000000e4      0x1d4 D:\program\microchip\project 2\project 2\libc4m.a(std_isr.o)
 .debug_frame   0x000002b8      0x16c D:\program\microchip\project 2\project 2\libc4m.a(hal_uart.o)
 .debug_frame   0x00000424      0x170 D:\program\microchip\project 2\project 2\libc4m.a(hal_spi.o)
 .debug_frame   0x00000594     0x1014 D:\program\microchip\project 2\project 2\libc4m.a(isr.o)
 .debug_frame   0x000015a8       0x34 D:\program\microchip\project 2\project 2\libc4m.a(eeprom.o)
 .debug_frame   0x000015dc       0x64 D:\program\microchip\project 2\project 2\libc4m.a(hardware_interrupt.o)
 .debug_frame   0x00001640       0x4c D:\program\microchip\project 2\project 2\libc4m.a(stdio.o)
 .debug_frame   0x0000168c      0x100 D:\program\microchip\project 2\project 2\libc4m.a(hal_time.o)
 .debug_frame   0x0000178c       0x84 D:\program\microchip\project 2\project 2\libc4m.a(asabus.o)

.debug_str      0x00000000     0x1598
 *(.debug_str)
 .debug_str     0x00000000      0x27d C:/Program Files (x86)/Atmel/Studio/7.0/Packs/atmel/ATmega_DFP/1.6.364/gcc/dev/atmega128/avr51/crtatmega128.o
 .debug_str     0x0000027d      0x210 main.o
                                0x25b (size before relaxing)
 .debug_str     0x0000048d      0x1f3 D:\program\microchip\project 2\project 2\libc4m.a(device.o)
                                0x2dc (size before relaxing)
 .debug_str     0x00000680      0x12c D:\program\microchip\project 2\project 2\libc4m.a(std_isr.o)
                                0x5b9 (size before relaxing)
 .debug_str     0x000007ac      0x171 D:\program\microchip\project 2\project 2\libc4m.a(hal_uart.o)
                                0x338 (size before relaxing)
 .debug_str     0x0000091d      0x139 D:\program\microchip\project 2\project 2\libc4m.a(hal_spi.o)
                                0x3eb (size before relaxing)
 .debug_str     0x00000a56      0x84e D:\program\microchip\project 2\project 2\libc4m.a(isr.o)
                                0x972 (size before relaxing)
 .debug_str     0x000012a4       0x52 D:\program\microchip\project 2\project 2\libc4m.a(eeprom.o)
                                0x18e (size before relaxing)
 .debug_str     0x000012f6       0x3a D:\program\microchip\project 2\project 2\libc4m.a(ext_imp.o)
                                0x192 (size before relaxing)
 .debug_str     0x00001330        0xe D:\program\microchip\project 2\project 2\libc4m.a(pwm_imp.o)
                                0x192 (size before relaxing)
 .debug_str     0x0000133e        0xe D:\program\microchip\project 2\project 2\libc4m.a(twi_imp.o)
                                0x192 (size before relaxing)
 .debug_str     0x0000134c        0xf D:\program\microchip\project 2\project 2\libc4m.a(uart_imp.o)
                                0x1a9 (size before relaxing)
 .debug_str     0x0000135b        0xe D:\program\microchip\project 2\project 2\libc4m.a(spi_imp.o)
                                0x192 (size before relaxing)
 .debug_str     0x00001369        0xe D:\program\microchip\project 2\project 2\libc4m.a(tim_imp.o)
                                0x192 (size before relaxing)
 .debug_str     0x00001377        0xe D:\program\microchip\project 2\project 2\libc4m.a(adc_imp.o)
                                0x192 (size before relaxing)
 .debug_str     0x00001385       0x52 D:\program\microchip\project 2\project 2\libc4m.a(hardware_interrupt.o)
                                0x1fa (size before relaxing)
 .debug_str     0x000013d7       0x76 D:\program\microchip\project 2\project 2\libc4m.a(stdio.o)
                                0x1b0 (size before relaxing)
 .debug_str     0x0000144d       0xb7 D:\program\microchip\project 2\project 2\libc4m.a(hal_time.o)
                                0x208 (size before relaxing)
 .debug_str     0x00001504       0x94 D:\program\microchip\project 2\project 2\libc4m.a(asabus.o)
                                0x2dc (size before relaxing)

.debug_loc      0x00000000     0x3180
 *(.debug_loc)
 .debug_loc     0x00000000      0x2b3 main.o
 .debug_loc     0x000002b3      0x89c D:\program\microchip\project 2\project 2\libc4m.a(hal_uart.o)
 .debug_loc     0x00000b4f      0x4ad D:\program\microchip\project 2\project 2\libc4m.a(hal_spi.o)
 .debug_loc     0x00000ffc     0x1af6 D:\program\microchip\project 2\project 2\libc4m.a(isr.o)
 .debug_loc     0x00002af2      0x130 D:\program\microchip\project 2\project 2\libc4m.a(eeprom.o)
 .debug_loc     0x00002c22      0x1be D:\program\microchip\project 2\project 2\libc4m.a(hardware_interrupt.o)
 .debug_loc     0x00002de0       0xc0 D:\program\microchip\project 2\project 2\libc4m.a(stdio.o)
 .debug_loc     0x00002ea0      0x283 D:\program\microchip\project 2\project 2\libc4m.a(hal_time.o)
 .debug_loc     0x00003123       0x5d D:\program\microchip\project 2\project 2\libc4m.a(asabus.o)

.debug_macinfo
 *(.debug_macinfo)

.debug_weaknames
 *(.debug_weaknames)

.debug_funcnames
 *(.debug_funcnames)

.debug_typenames
 *(.debug_typenames)

.debug_varnames
 *(.debug_varnames)

.debug_pubtypes
 *(.debug_pubtypes)

.debug_ranges   0x00000000      0x178
 *(.debug_ranges)
 .debug_ranges  0x00000000       0x48 main.o
 .debug_ranges  0x00000048       0xd0 D:\program\microchip\project 2\project 2\libc4m.a(hal_uart.o)
 .debug_ranges  0x00000118       0x48 D:\program\microchip\project 2\project 2\libc4m.a(hal_spi.o)
 .debug_ranges  0x00000160       0x18 D:\program\microchip\project 2\project 2\libc4m.a(hardware_interrupt.o)

.debug_macro
 *(.debug_macro)
OUTPUT(project 2.elf elf32-avr)
LOAD linker stubs
